PowerPlay Power Analyzer report for Median_Filter
Mon Mar 30 20:29:30 2026
Quartus II 32-bit Version 13.0.1 Build 232 06/12/2013 Service Pack 1 SJ Web Edition


---------------------
; Table of Contents ;
---------------------
  1. Legal Notice
  2. PowerPlay Power Analyzer Summary
  3. PowerPlay Power Analyzer Settings
  4. Operating Conditions Used
  5. Thermal Power Dissipation by Block
  6. Thermal Power Dissipation by Block Type
  7. Thermal Power Dissipation by Hierarchy
  8. Core Dynamic Thermal Power Dissipation by Clock Domain
  9. Current Drawn from Voltage Supplies Summary
 10. VCCIO Supply Current Drawn by I/O Bank
 11. VCCIO Supply Current Drawn by Voltage
 12. Confidence Metric Details
 13. Signal Activities
 14. PowerPlay Power Analyzer Messages



----------------
; Legal Notice ;
----------------
Copyright (C) 1991-2013 Altera Corporation
Your use of Altera Corporation's design tools, logic functions 
and other software and tools, and its AMPP partner logic 
functions, and any output files from any of the foregoing 
(including device programming or simulation files), and any 
associated documentation or information are expressly subject 
to the terms and conditions of the Altera Program License 
Subscription Agreement, Altera MegaCore Function License 
Agreement, or other applicable license agreement, including, 
without limitation, that your use is for the sole purpose of 
programming logic devices manufactured by Altera and sold by 
Altera or its authorized distributors.  Please refer to the 
applicable agreement for further details.



+-------------------------------------------------------------------------------------------+
; PowerPlay Power Analyzer Summary                                                          ;
+----------------------------------------+--------------------------------------------------+
; PowerPlay Power Analyzer Status        ; Successful - Mon Mar 30 20:29:30 2026            ;
; Quartus II 32-bit Version              ; 13.0.1 Build 232 06/12/2013 SP 1 SJ Web Edition  ;
; Revision Name                          ; Median_Filter                                    ;
; Top-level Entity Name                  ; median_filter_top                                ;
; Family                                 ; Cyclone II                                       ;
; Device                                 ; EP2C35F672C6                                     ;
; Power Models                           ; Final                                            ;
; Total Thermal Power Dissipation        ; 144.39 mW                                        ;
; Core Dynamic Thermal Power Dissipation ; 28.80 mW                                         ;
; Core Static Thermal Power Dissipation  ; 80.04 mW                                         ;
; I/O Thermal Power Dissipation          ; 35.56 mW                                         ;
; Power Estimation Confidence            ; Low: user provided insufficient toggle rate data ;
+----------------------------------------+--------------------------------------------------+


+------------------------------------------------------------------------------------------------------+
; PowerPlay Power Analyzer Settings                                                                    ;
+----------------------------------------------------------------------------+---------+---------------+
; Option                                                                     ; Setting ; Default Value ;
+----------------------------------------------------------------------------+---------+---------------+
; Use smart compilation                                                      ; Off     ; Off           ;
; Enable parallel Assembler and TimeQuest Timing Analyzer during compilation ; On      ; On            ;
; Enable compact report table                                                ; Off     ; Off           ;
; Default Power Toggle Rate                                                  ; 12.5%   ; 12.5%         ;
; Default Power Input I/O Toggle Rate                                        ; 12.5%   ; 12.5%         ;
; Use vectorless estimation                                                  ; On      ; On            ;
; Use Input Files                                                            ; Off     ; Off           ;
; Filter Glitches in VCD File Reader                                         ; On      ; On            ;
; Power Analyzer Report Signal Activity                                      ; Off     ; Off           ;
; Power Analyzer Report Power Dissipation                                    ; Off     ; Off           ;
; Device Power Characteristics                                               ; TYPICAL ; TYPICAL       ;
; Automatically Compute Junction Temperature                                 ; On      ; On            ;
; Specified Junction Temperature                                             ; 25      ; 25            ;
; Ambient Temperature                                                        ; 25      ; 25            ;
; Use Custom Cooling Solution                                                ; Off     ; Off           ;
; Board Temperature                                                          ; 25      ; 25            ;
; Enable HPS                                                                 ; Off     ; Off           ;
; Processor Frequency                                                        ; 0.0     ; 0.0           ;
+----------------------------------------------------------------------------+---------+---------------+


+-------------------------------------------------------------------------+
; Operating Conditions Used                                               ;
+---------------------------------------------+---------------------------+
; Setting                                     ; Value                     ;
+---------------------------------------------+---------------------------+
; Device power characteristics                ; Typical                   ;
;                                             ;                           ;
; Voltages                                    ;                           ;
;     VCCINT                                  ; 1.20 V                    ;
;     3.3-V LVTTL I/O Standard                ; 3.3 V                     ;
;                                             ;                           ;
; Auto computed junction temperature          ; 25.9 degrees Celsius      ;
;     Ambient temperature                     ; 25.0 degrees Celsius      ;
;     Junction-to-Case thermal resistance     ; 3.10 degrees Celsius/Watt ;
;     Case-to-Heat Sink thermal resistance    ; 0.10 degrees Celsius/Watt ;
;     Heat Sink-to-Ambient thermal resistance ; 2.80 degrees Celsius/Watt ;
;                                             ;                           ;
; Board model used                            ; None                      ;
+---------------------------------------------+---------------------------+


+----------------------------------------------------------------------------------------------------------------------------------------------+
; Thermal Power Dissipation by Block                                                                                                           ;
+------------+------------+---------------------+-----------------------------+--------------------------------+-------------------------------+
; Block Name ; Block Type ; Total Thermal Power ; Block Thermal Dynamic Power ; Block Thermal Static Power (1) ; Routing Thermal Dynamic Power ;
+------------+------------+---------------------+-----------------------------+--------------------------------+-------------------------------+
(1) The "Thermal Power Dissipation by Block" Table has been hidden. To show this table, please select the "Write power dissipation by block to report file" option under "PowerPlay Power Analyzer Settings".


+--------------------------------------------------------------------------------------------------------------------------------------------------------------------------------------------------------------------+
; Thermal Power Dissipation by Block Type                                                                                                                                                                            ;
+---------------------+-----------------------------------+-----------------------------+--------------------------------+-------------------------------+-----------------------------------------------------------+
; Block Type          ; Total Thermal Power by Block Type ; Block Thermal Dynamic Power ; Block Thermal Static Power (1) ; Routing Thermal Dynamic Power ; Block Average Toggle Rate (millions of transitions / sec) ;
+---------------------+-----------------------------------+-----------------------------+--------------------------------+-------------------------------+-----------------------------------------------------------+
; I/O                 ; 8.22 mW                           ; 3.25 mW                     ; 2.72 mW                        ; 2.24 mW                       ;   10.400                                                  ;
; M4K                 ; 0.74 mW                           ; 0.72 mW                     ; --                             ; 0.01 mW                       ;    4.683                                                  ;
; Combinational cell  ; 6.83 mW                           ; 3.56 mW                     ; --                             ; 3.27 mW                       ;    4.302                                                  ;
; Register cell       ; 11.90 mW                          ; 6.50 mW                     ; --                             ; 5.40 mW                       ;    6.168                                                  ;
; Clock control block ; 7.09 mW                           ; 0.00 mW                     ; --                             ; 7.09 mW                       ;   50.000                                                  ;
+---------------------+-----------------------------------+-----------------------------+--------------------------------+-------------------------------+-----------------------------------------------------------+
(1) The "Block Thermal Static Power" for all block types except Pins and the Voltage Regulator, if one exists, is part of the "Core Static Thermal Power Dissipation" value found on the PowerPlay Power Analyzer-->Summary report panel. The "Core Static Thermal Power Dissipation" also contains the thermal static power dissipated by the routing.


+--------------------------------------------------------------------------------------------------------------------------------------------------------------------------------------------------------------------------------------------------------------------------------------------+
; Thermal Power Dissipation by Hierarchy                                                                                                                                                                                                                                                     ;
+---------------------------------------------+--------------------------------------+---------------------------------+-----------------------------------+-----------------------------------+---------------------------------------------------------------------------------------------+
; Compilation Hierarchy Node                  ; Total Thermal Power by Hierarchy (1) ; Block Thermal Dynamic Power (1) ; Block Thermal Static Power (1)(2) ; Routing Thermal Dynamic Power (1) ; Full Hierarchy Name                                                                         ;
+---------------------------------------------+--------------------------------------+---------------------------------+-----------------------------------+-----------------------------------+---------------------------------------------------------------------------------------------+
; |median_filter_top                          ; 34.78 mW (15.51 mW)                  ; 14.03 mW (3.39 mW)              ; 2.72 mW (2.72 mW)                 ; 18.02 mW (9.40 mW)                ; |median_filter_top                                                                          ;
;     |hard_block:auto_generated_inst         ; 0.00 mW (0.00 mW)                    ; 0.00 mW (0.00 mW)               ; --                                ; 0.00 mW (0.00 mW)                 ; |median_filter_top|hard_block:auto_generated_inst                                           ;
;     |median_filter:u_pipeline               ; 1.49 mW (1.02 mW)                    ; 0.96 mW (0.72 mW)               ; --                                ; 0.53 mW (0.31 mW)                 ; |median_filter_top|median_filter:u_pipeline                                                 ;
;         |sort3:sort0                        ; 0.08 mW (0.00 mW)                    ; 0.03 mW (0.00 mW)               ; --                                ; 0.05 mW (0.00 mW)                 ; |median_filter_top|median_filter:u_pipeline|sort3:sort0                                     ;
;             |swap:s1                        ; 0.04 mW (0.04 mW)                    ; 0.02 mW (0.02 mW)               ; --                                ; 0.03 mW (0.03 mW)                 ; |median_filter_top|median_filter:u_pipeline|sort3:sort0|swap:s1                             ;
;             |swap:s2                        ; 0.04 mW (0.04 mW)                    ; 0.02 mW (0.02 mW)               ; --                                ; 0.03 mW (0.03 mW)                 ; |median_filter_top|median_filter:u_pipeline|sort3:sort0|swap:s2                             ;
;             |swap:s3                        ; 0.00 mW (0.00 mW)                    ; 0.00 mW (0.00 mW)               ; --                                ; 0.00 mW (0.00 mW)                 ; |median_filter_top|median_filter:u_pipeline|sort3:sort0|swap:s3                             ;
;         |sort3:sort1                        ; 0.09 mW (0.00 mW)                    ; 0.03 mW (0.00 mW)               ; --                                ; 0.06 mW (0.00 mW)                 ; |median_filter_top|median_filter:u_pipeline|sort3:sort1                                     ;
;             |swap:s1                        ; 0.05 mW (0.05 mW)                    ; 0.02 mW (0.02 mW)               ; --                                ; 0.03 mW (0.03 mW)                 ; |median_filter_top|median_filter:u_pipeline|sort3:sort1|swap:s1                             ;
;             |swap:s2                        ; 0.04 mW (0.04 mW)                    ; 0.01 mW (0.01 mW)               ; --                                ; 0.03 mW (0.03 mW)                 ; |median_filter_top|median_filter:u_pipeline|sort3:sort1|swap:s2                             ;
;             |swap:s3                        ; 0.00 mW (0.00 mW)                    ; 0.00 mW (0.00 mW)               ; --                                ; 0.00 mW (0.00 mW)                 ; |median_filter_top|median_filter:u_pipeline|sort3:sort1|swap:s3                             ;
;         |sort3:sort2                        ; 0.03 mW (0.00 mW)                    ; 0.01 mW (0.00 mW)               ; --                                ; 0.02 mW (0.00 mW)                 ; |median_filter_top|median_filter:u_pipeline|sort3:sort2                                     ;
;             |swap:s1                        ; 0.01 mW (0.01 mW)                    ; 0.00 mW (0.00 mW)               ; --                                ; 0.01 mW (0.01 mW)                 ; |median_filter_top|median_filter:u_pipeline|sort3:sort2|swap:s1                             ;
;             |swap:s2                        ; 0.02 mW (0.02 mW)                    ; 0.00 mW (0.00 mW)               ; --                                ; 0.02 mW (0.02 mW)                 ; |median_filter_top|median_filter:u_pipeline|sort3:sort2|swap:s2                             ;
;             |swap:s3                        ; 0.00 mW (0.00 mW)                    ; 0.00 mW (0.00 mW)               ; --                                ; 0.00 mW (0.00 mW)                 ; |median_filter_top|median_filter:u_pipeline|sort3:sort2|swap:s3                             ;
;         |sort3:sort4_meds                   ; 0.10 mW (0.00 mW)                    ; 0.06 mW (0.00 mW)               ; --                                ; 0.04 mW (0.00 mW)                 ; |median_filter_top|median_filter:u_pipeline|sort3:sort4_meds                                ;
;             |swap:s1                        ; 0.06 mW (0.06 mW)                    ; 0.04 mW (0.04 mW)               ; --                                ; 0.02 mW (0.02 mW)                 ; |median_filter_top|median_filter:u_pipeline|sort3:sort4_meds|swap:s1                        ;
;             |swap:s2                        ; 0.04 mW (0.04 mW)                    ; 0.02 mW (0.02 mW)               ; --                                ; 0.02 mW (0.02 mW)                 ; |median_filter_top|median_filter:u_pipeline|sort3:sort4_meds|swap:s2                        ;
;             |swap:s3                        ; 0.00 mW (0.00 mW)                    ; 0.00 mW (0.00 mW)               ; --                                ; 0.00 mW (0.00 mW)                 ; |median_filter_top|median_filter:u_pipeline|sort3:sort4_meds|swap:s3                        ;
;         |sort3:sort_final9                  ; 0.09 mW (0.00 mW)                    ; 0.06 mW (0.00 mW)               ; --                                ; 0.03 mW (0.00 mW)                 ; |median_filter_top|median_filter:u_pipeline|sort3:sort_final9                               ;
;             |swap:s1                        ; 0.06 mW (0.06 mW)                    ; 0.04 mW (0.04 mW)               ; --                                ; 0.02 mW (0.02 mW)                 ; |median_filter_top|median_filter:u_pipeline|sort3:sort_final9|swap:s1                       ;
;             |swap:s2                        ; 0.03 mW (0.03 mW)                    ; 0.02 mW (0.02 mW)               ; --                                ; 0.01 mW (0.01 mW)                 ; |median_filter_top|median_filter:u_pipeline|sort3:sort_final9|swap:s2                       ;
;             |swap:s3                        ; 0.00 mW (0.00 mW)                    ; 0.00 mW (0.00 mW)               ; --                                ; 0.00 mW (0.00 mW)                 ; |median_filter_top|median_filter:u_pipeline|sort3:sort_final9|swap:s3                       ;
;         |max3:u_max_of_mins                 ; 0.04 mW (0.04 mW)                    ; 0.02 mW (0.02 mW)               ; --                                ; 0.01 mW (0.01 mW)                 ; |median_filter_top|median_filter:u_pipeline|max3:u_max_of_mins                              ;
;         |min3:u_min_of_maxs                 ; 0.04 mW (0.04 mW)                    ; 0.02 mW (0.02 mW)               ; --                                ; 0.01 mW (0.01 mW)                 ; |median_filter_top|median_filter:u_pipeline|min3:u_min_of_maxs                              ;
;     |window3x3:u_window                     ; 17.77 mW (17.03 mW)                  ; 9.68 mW (8.96 mW)               ; --                                ; 8.09 mW (8.08 mW)                 ; |median_filter_top|window3x3:u_window                                                       ;
;         |altsyncram:line2_rtl_0             ; 0.74 mW (0.00 mW)                    ; 0.72 mW (0.00 mW)               ; --                                ; 0.01 mW (0.00 mW)                 ; |median_filter_top|window3x3:u_window|altsyncram:line2_rtl_0                                ;
;             |altsyncram_v7i1:auto_generated ; 0.74 mW (0.74 mW)                    ; 0.72 mW (0.72 mW)               ; --                                ; 0.01 mW (0.01 mW)                 ; |median_filter_top|window3x3:u_window|altsyncram:line2_rtl_0|altsyncram_v7i1:auto_generated ;
+---------------------------------------------+--------------------------------------+---------------------------------+-----------------------------------+-----------------------------------+---------------------------------------------------------------------------------------------+
(1) Value in parentheses is the power consumed at that level of hierarchy. Value not in parentheses is the power consumed at that level of hierarchy plus the power consumed by all levels of hierarchy below it.

(2) The "Block Thermal Static Power" for all levels of hierarchy except the top-level hierarchy is part of the "Core Static Thermal Power Dissipation" value found on the PowerPlay Power Analyzer-->Summary report panel. The "Core Static Thermal Power Dissipation" also contains the thermal static power dissipated by the routing.


+--------------------------------------------------------------------+
; Core Dynamic Thermal Power Dissipation by Clock Domain             ;
+-----------------+-----------------------+--------------------------+
; Clock Domain    ; Clock Frequency (MHz) ; Total Core Dynamic Power ;
+-----------------+-----------------------+--------------------------+
; clk             ; 50.00                 ; 28.80                    ;
; No clock domain ; 0.00                  ; 0.00                     ;
+-----------------+-----------------------+--------------------------+


+------------------------------------------------------------------------------------------------------------------------------------+
; Current Drawn from Voltage Supplies Summary                                                                                        ;
+----------------+-------------------------+---------------------------+--------------------------+----------------------------------+
; Voltage Supply ; Total Current Drawn (1) ; Dynamic Current Drawn (1) ; Static Current Drawn (1) ; Minimum Power Supply Current (2) ;
+----------------+-------------------------+---------------------------+--------------------------+----------------------------------+
; VCCINT         ; 92.27 mA                ; 24.13 mA                  ; 68.14 mA                 ; 92.27 mA                         ;
; VCCIO          ; 10.17 mA                ; 0.91 mA                   ; 9.27 mA                  ; 10.17 mA                         ;
+----------------+-------------------------+---------------------------+--------------------------+----------------------------------+
(1) Currents reported in columns "Total Current Drawn", "Dynamic Current Drawn", and "Static Current Drawn" are sufficient for user operation of the device.  
(2) Currents reported in column "Minimum Power Supply Current" are sufficient for power-up, configuration, and user operation of the device.


+-----------------------------------------------------------------------------------------------+
; VCCIO Supply Current Drawn by I/O Bank                                                        ;
+----------+---------------+---------------------+-----------------------+----------------------+
; I/O Bank ; VCCIO Voltage ; Total Current Drawn ; Dynamic Current Drawn ; Static Current Drawn ;
+----------+---------------+---------------------+-----------------------+----------------------+
; 1        ; 3.3V          ; 1.21 mA             ; 0.06 mA               ; 1.15 mA              ;
; 2        ; 3.3V          ; 1.15 mA             ; 0.00 mA               ; 1.15 mA              ;
; 3        ; 3.3V          ; 1.38 mA             ; 0.15 mA               ; 1.23 mA              ;
; 4        ; 3.3V          ; 1.95 mA             ; 0.70 mA               ; 1.25 mA              ;
; 5        ; 3.3V          ; 1.12 mA             ; 0.00 mA               ; 1.12 mA              ;
; 6        ; 3.3V          ; 1.13 mA             ; 0.00 mA               ; 1.13 mA              ;
; 7        ; 3.3V          ; 1.12 mA             ; 0.00 mA               ; 1.12 mA              ;
; 8        ; 3.3V          ; 1.12 mA             ; 0.00 mA               ; 1.12 mA              ;
+----------+---------------+---------------------+-----------------------+----------------------+


+-----------------------------------------------------------------------------------------------------------------------------------+
; VCCIO Supply Current Drawn by Voltage                                                                                             ;
+---------------+-------------------------+---------------------------+--------------------------+----------------------------------+
; VCCIO Voltage ; Total Current Drawn (1) ; Dynamic Current Drawn (1) ; Static Current Drawn (1) ; Minimum Power Supply Current (2) ;
+---------------+-------------------------+---------------------------+--------------------------+----------------------------------+
; 3.3V          ; 10.17 mA                ; 0.91 mA                   ; 9.27 mA                  ; 10.17 mA                         ;
+---------------+-------------------------+---------------------------+--------------------------+----------------------------------+
(1) Currents reported in columns "Total Current Drawn", "Dynamic Current Drawn", and "Static Current Drawn" are sufficient for user operation of the device.  
(2) Currents reported in column "Minimum Power Supply Current" are sufficient for power-up, configuration, and user operation of the device.


+----------------------------------------------------------------------------------------------------------------------------------------------------+
; Confidence Metric Details                                                                                                                          ;
+----------------------------------------------------------------------------------------+--------------+------------+---------------+---------------+
; Data Source                                                                            ; Total        ; Pin        ; Registered    ; Combinational ;
+----------------------------------------------------------------------------------------+--------------+------------+---------------+---------------+
; Simulation (from file)                                                                 ;              ;            ;               ;               ;
;     -- Number of signals with Toggle Rate from Simulation                              ; 0 (0.0%)     ; 0 (0.0%)   ; 0 (0.0%)      ; 0 (0.0%)      ;
;     -- Number of signals with Static Probability from Simulation                       ; 0 (0.0%)     ; 0 (0.0%)   ; 0 (0.0%)      ; 0 (0.0%)      ;
;                                                                                        ;              ;            ;               ;               ;
; Node, entity or clock assignment                                                       ;              ;            ;               ;               ;
;     -- Number of signals with Toggle Rate from Node, entity or clock assignment        ; 1 (0.0%)     ; 1 (4.3%)   ; 0 (0.0%)      ; 0 (0.0%)      ;
;     -- Number of signals with Static Probability from Node, entity or clock assignment ; 1 (0.0%)     ; 1 (4.3%)   ; 0 (0.0%)      ; 0 (0.0%)      ;
;                                                                                        ;              ;            ;               ;               ;
; Vectorless estimation                                                                  ;              ;            ;               ;               ;
;     -- Number of signals with Toggle Rate from Vectorless estimation                   ; 4909 (99.7%) ; 10 (43.5%) ; 2310 (100.0%) ; 2589 (100.0%) ;
;     -- Number of signals with Zero toggle rate, from Vectorless estimation             ; 3 (0.1%)     ; 1 (4.3%)   ; 1 (0.0%)      ; 1 (0.0%)      ;
;     -- Number of signals with Static Probability from Vectorless estimation            ; 4909 (99.7%) ; 10 (43.5%) ; 2310 (100.0%) ; 2589 (100.0%) ;
;                                                                                        ;              ;            ;               ;               ;
; Default assignment                                                                     ;              ;            ;               ;               ;
;     -- Number of signals with Toggle Rate from Default assignment                      ; 10 (0.2%)    ; 10 (43.5%) ; 0 (0.0%)      ; 0 (0.0%)      ;
;     -- Number of signals with Static Probability from Default assignment               ; 12 (0.2%)    ; 12 (52.2%) ; 0 (0.0%)      ; 0 (0.0%)      ;
;                                                                                        ;              ;            ;               ;               ;
; Assumed 0                                                                              ;              ;            ;               ;               ;
;     -- Number of signals with Toggle Rate assumed 0                                    ; 2 (0.0%)     ; 2 (8.7%)   ; 0 (0.0%)      ; 0 (0.0%)      ;
+----------------------------------------------------------------------------------------+--------------+------------+---------------+---------------+


+---------------------------------------------------------------------------------------------------------------------------------------------+
; Signal Activities                                                                                                                           ;
+--------+------+---------------------------------------------+-------------------------+--------------------+--------------------------------+
; Signal ; Type ; Toggle Rate (millions of transitions / sec) ; Toggle Rate Data Source ; Static Probability ; Static Probability Data Source ;
+--------+------+---------------------------------------------+-------------------------+--------------------+--------------------------------+
(1) The "Signal Activity" Table has been hidden. To show this table, please select the "Write signal activities to report file" option under "PowerPlay Power Analyzer Settings".


+-----------------------------------+
; PowerPlay Power Analyzer Messages ;
+-----------------------------------+
Info: *******************************************************************
Info: Running Quartus II 32-bit PowerPlay Power Analyzer
    Info: Version 13.0.1 Build 232 06/12/2013 Service Pack 1 SJ Web Edition
    Info: Copyright (C) 1991-2013 Altera Corporation. All rights reserved.
    Info: Your use of Altera Corporation's design tools, logic functions 
    Info: and other software and tools, and its AMPP partner logic 
    Info: functions, and any output files from any of the foregoing 
    Info: (including device programming or simulation files), and any 
    Info: associated documentation or information are expressly subject 
    Info: to the terms and conditions of the Altera Program License 
    Info: Subscription Agreement, Altera MegaCore Function License 
    Info: Agreement, or other applicable license agreement, including, 
    Info: without limitation, that your use is for the sole purpose of 
    Info: programming logic devices manufactured by Altera and sold by 
    Info: Altera or its authorized distributors.  Please refer to the 
    Info: applicable agreement for further details.
    Info: Processing started: Mon Mar 30 20:29:27 2026
Info: Command: quartus_pow Median_Filter -c Median_Filter
Info (21077): Low junction temperature is 0 degrees C
Info (21077): High junction temperature is 85 degrees C
Info (332104): Reading SDC File: 'Median_Filter.sdc'
Warning (332153): Family doesn't support jitter analysis.
Info (223000): Starting Vectorless Power Activity Estimation
Info (223001): Completed Vectorless Power Activity Estimation
Warning (215044): No board thermal model was selected.  Analyzing without board thermal modeling.
Warning (218001): Found 9 output pins without output pin load capacitance assignment
    Warning (218002): Pin "valid_out" has no specified output pin load capacitance -- assuming default load capacitance of 0 pF for Power Estimation
    Warning (218002): Pin "pixel_out[0]" has no specified output pin load capacitance -- assuming default load capacitance of 0 pF for Power Estimation
    Warning (218002): Pin "pixel_out[1]" has no specified output pin load capacitance -- assuming default load capacitance of 0 pF for Power Estimation
    Warning (218002): Pin "pixel_out[2]" has no specified output pin load capacitance -- assuming default load capacitance of 0 pF for Power Estimation
    Warning (218002): Pin "pixel_out[3]" has no specified output pin load capacitance -- assuming default load capacitance of 0 pF for Power Estimation
    Warning (218002): Pin "pixel_out[4]" has no specified output pin load capacitance -- assuming default load capacitance of 0 pF for Power Estimation
    Warning (218002): Pin "pixel_out[5]" has no specified output pin load capacitance -- assuming default load capacitance of 0 pF for Power Estimation
    Warning (218002): Pin "pixel_out[6]" has no specified output pin load capacitance -- assuming default load capacitance of 0 pF for Power Estimation
    Warning (218002): Pin "pixel_out[7]" has no specified output pin load capacitance -- assuming default load capacitance of 0 pF for Power Estimation
Info (215049): Average toggle rate for this design is 5.237 millions of transitions / sec
Info (215031): Total thermal power estimate for the design is 144.39 mW
Info: Quartus II 32-bit PowerPlay Power Analyzer was successful. 0 errors, 12 warnings
    Info: Peak virtual memory: 426 megabytes
    Info: Processing ended: Mon Mar 30 20:29:30 2026
    Info: Elapsed time: 00:00:03
    Info: Total CPU time (on all processors): 00:00:07


