Archive member included because of file (symbol)

c:/altera/13.0sp1/nios2eds/bin/gnu/h-i686-mingw32/bin/../lib/gcc/nios2-elf/4.1.2/mno-hw-mul\libgcc.a(lib2-divmod.o)
                              obj/default/median_filter_main.o (__modsi3)
c:/altera/13.0sp1/nios2eds/bin/gnu/h-i686-mingw32/bin/../lib/gcc/nios2-elf/4.1.2/../../../../nios2-elf/lib/mno-hw-mul\libsmallc.a(lib_a-printf.o)
                              obj/default/median_filter_main.o (printf)
c:/altera/13.0sp1/nios2eds/bin/gnu/h-i686-mingw32/bin/../lib/gcc/nios2-elf/4.1.2/../../../../nios2-elf/lib/mno-hw-mul\libsmallc.a(lib_a-putchar.o)
                              obj/default/median_filter_main.o (putchar)
c:/altera/13.0sp1/nios2eds/bin/gnu/h-i686-mingw32/bin/../lib/gcc/nios2-elf/4.1.2/../../../../nios2-elf/lib/mno-hw-mul\libsmallc.a(lib_a-puts.o)
                              obj/default/median_filter_main.o (puts)
c:/altera/13.0sp1/nios2eds/bin/gnu/h-i686-mingw32/bin/../lib/gcc/nios2-elf/4.1.2/../../../../nios2-elf/lib/mno-hw-mul\libsmallc.a(lib_a-strlen.o)
                              c:/altera/13.0sp1/nios2eds/bin/gnu/h-i686-mingw32/bin/../lib/gcc/nios2-elf/4.1.2/../../../../nios2-elf/lib/mno-hw-mul\libsmallc.a(lib_a-puts.o) (strlen)
c:/altera/13.0sp1/nios2eds/bin/gnu/h-i686-mingw32/bin/../lib/gcc/nios2-elf/4.1.2/../../../../nios2-elf/lib/mno-hw-mul\libsmallc.a(lib_a-vfprintf.o)
                              c:/altera/13.0sp1/nios2eds/bin/gnu/h-i686-mingw32/bin/../lib/gcc/nios2-elf/4.1.2/../../../../nios2-elf/lib/mno-hw-mul\libsmallc.a(lib_a-printf.o) (___vfprintf_internal_r)
c:/altera/13.0sp1/nios2eds/bin/gnu/h-i686-mingw32/bin/../lib/gcc/nios2-elf/4.1.2/../../../../nios2-elf/lib/mno-hw-mul\libsmallc.a(lib_a-fvwrite_small_dev.o)
                              c:/altera/13.0sp1/nios2eds/bin/gnu/h-i686-mingw32/bin/../lib/gcc/nios2-elf/4.1.2/../../../../nios2-elf/lib/mno-hw-mul\libsmallc.a(lib_a-printf.o) (__sfvwrite_small_dev)
c:/altera/13.0sp1/nios2eds/bin/gnu/h-i686-mingw32/bin/../lib/gcc/nios2-elf/4.1.2/../../../../nios2-elf/lib/mno-hw-mul\libsmallc.a(lib_a-impure.o)
                              c:/altera/13.0sp1/nios2eds/bin/gnu/h-i686-mingw32/bin/../lib/gcc/nios2-elf/4.1.2/../../../../nios2-elf/lib/mno-hw-mul\libsmallc.a(lib_a-printf.o) (_impure_ptr)
c:/altera/13.0sp1/nios2eds/bin/gnu/h-i686-mingw32/bin/../lib/gcc/nios2-elf/4.1.2/../../../../nios2-elf/lib/mno-hw-mul\libsmallc.a(lib_a-putc.o)
                              c:/altera/13.0sp1/nios2eds/bin/gnu/h-i686-mingw32/bin/../lib/gcc/nios2-elf/4.1.2/../../../../nios2-elf/lib/mno-hw-mul\libsmallc.a(lib_a-putchar.o) (_putc_r)
c:/altera/13.0sp1/nios2eds/bin/gnu/h-i686-mingw32/bin/../lib/gcc/nios2-elf/4.1.2/../../../../nios2-elf/lib/mno-hw-mul\libsmallc.a(lib_a-writer.o)
                              c:/altera/13.0sp1/nios2eds/bin/gnu/h-i686-mingw32/bin/../lib/gcc/nios2-elf/4.1.2/../../../../nios2-elf/lib/mno-hw-mul\libsmallc.a(lib_a-fvwrite_small_dev.o) (_write_r)
c:/altera/13.0sp1/nios2eds/bin/gnu/h-i686-mingw32/bin/../lib/gcc/nios2-elf/4.1.2/../../../../nios2-elf/lib/mno-hw-mul\libsmallc.a(lib_a-int_errno.o)
                              c:/altera/13.0sp1/nios2eds/bin/gnu/h-i686-mingw32/bin/../lib/gcc/nios2-elf/4.1.2/../../../../nios2-elf/lib/mno-hw-mul\libsmallc.a(lib_a-writer.o) (errno)
c:/altera/13.0sp1/nios2eds/bin/gnu/h-i686-mingw32/bin/../lib/gcc/nios2-elf/4.1.2/mno-hw-mul\libgcc.a(lib2-mul.o)
                              c:/altera/13.0sp1/nios2eds/bin/gnu/h-i686-mingw32/bin/../lib/gcc/nios2-elf/4.1.2/../../../../nios2-elf/lib/mno-hw-mul\libsmallc.a(lib_a-vfprintf.o) (__mulsi3)
../Median_Filtter_App_bsp/\libhal_bsp.a(alt_load.o)
                              ../Median_Filtter_App_bsp//obj/HAL/src/crt0.o (alt_load)
../Median_Filtter_App_bsp/\libhal_bsp.a(alt_main.o)
                              ../Median_Filtter_App_bsp//obj/HAL/src/crt0.o (alt_main)
../Median_Filtter_App_bsp/\libhal_bsp.a(alt_write.o)
                              c:/altera/13.0sp1/nios2eds/bin/gnu/h-i686-mingw32/bin/../lib/gcc/nios2-elf/4.1.2/../../../../nios2-elf/lib/mno-hw-mul\libsmallc.a(lib_a-writer.o) (write)
../Median_Filtter_App_bsp/\libhal_bsp.a(alt_sys_init.o)
                              ../Median_Filtter_App_bsp/\libhal_bsp.a(alt_main.o) (alt_irq_init)
../Median_Filtter_App_bsp/\libhal_bsp.a(altera_avalon_jtag_uart_fd.o)
                              ../Median_Filtter_App_bsp/\libhal_bsp.a(alt_sys_init.o) (altera_avalon_jtag_uart_read_fd)
../Median_Filtter_App_bsp/\libhal_bsp.a(altera_avalon_jtag_uart_read.o)
                              ../Median_Filtter_App_bsp/\libhal_bsp.a(altera_avalon_jtag_uart_fd.o) (altera_avalon_jtag_uart_read)
../Median_Filtter_App_bsp/\libhal_bsp.a(altera_avalon_jtag_uart_write.o)
                              ../Median_Filtter_App_bsp/\libhal_bsp.a(altera_avalon_jtag_uart_fd.o) (altera_avalon_jtag_uart_write)
../Median_Filtter_App_bsp/\libhal_bsp.a(alt_close.o)
                              ../Median_Filtter_App_bsp/\libhal_bsp.a(alt_main.o) (close)
../Median_Filtter_App_bsp/\libhal_bsp.a(alt_dcache_flush_all.o)
                              ../Median_Filtter_App_bsp/\libhal_bsp.a(alt_load.o) (alt_dcache_flush_all)
../Median_Filtter_App_bsp/\libhal_bsp.a(alt_dev.o)
                              ../Median_Filtter_App_bsp/\libhal_bsp.a(alt_sys_init.o) (alt_dev_list)
../Median_Filtter_App_bsp/\libhal_bsp.a(alt_dev_llist_insert.o)
                              ../Median_Filtter_App_bsp/\libhal_bsp.a(alt_sys_init.o) (alt_dev_llist_insert)
../Median_Filtter_App_bsp/\libhal_bsp.a(alt_do_ctors.o)
                              ../Median_Filtter_App_bsp/\libhal_bsp.a(alt_main.o) (_do_ctors)
../Median_Filtter_App_bsp/\libhal_bsp.a(alt_do_dtors.o)
                              ../Median_Filtter_App_bsp/\libhal_bsp.a(alt_main.o) (_do_dtors)
../Median_Filtter_App_bsp/\libhal_bsp.a(alt_errno.o)
                              ../Median_Filtter_App_bsp/\libhal_bsp.a(alt_write.o) (alt_errno)
../Median_Filtter_App_bsp/\libhal_bsp.a(alt_icache_flush_all.o)
                              ../Median_Filtter_App_bsp/\libhal_bsp.a(alt_load.o) (alt_icache_flush_all)
../Median_Filtter_App_bsp/\libhal_bsp.a(alt_io_redirect.o)
                              ../Median_Filtter_App_bsp/\libhal_bsp.a(alt_main.o) (alt_io_redirect)
../Median_Filtter_App_bsp/\libhal_bsp.a(alt_open.o)
                              ../Median_Filtter_App_bsp/\libhal_bsp.a(alt_io_redirect.o) (open)
../Median_Filtter_App_bsp/\libhal_bsp.a(alt_release_fd.o)
                              ../Median_Filtter_App_bsp/\libhal_bsp.a(alt_close.o) (alt_release_fd)
../Median_Filtter_App_bsp/\libhal_bsp.a(altera_nios2_qsys_irq.o)
                              ../Median_Filtter_App_bsp/\libhal_bsp.a(alt_sys_init.o) (altera_nios2_qsys_irq_init)
../Median_Filtter_App_bsp/\libhal_bsp.a(alt_find_dev.o)
                              ../Median_Filtter_App_bsp/\libhal_bsp.a(alt_open.o) (alt_find_dev)
../Median_Filtter_App_bsp/\libhal_bsp.a(alt_find_file.o)
                              ../Median_Filtter_App_bsp/\libhal_bsp.a(alt_open.o) (alt_find_file)
../Median_Filtter_App_bsp/\libhal_bsp.a(alt_get_fd.o)
                              ../Median_Filtter_App_bsp/\libhal_bsp.a(alt_open.o) (alt_get_fd)
c:/altera/13.0sp1/nios2eds/bin/gnu/h-i686-mingw32/bin/../lib/gcc/nios2-elf/4.1.2/../../../../nios2-elf/lib/mno-hw-mul\libsmallc.a(lib_a-atexit.o)
                              ../Median_Filtter_App_bsp/\libhal_bsp.a(alt_main.o) (atexit)
c:/altera/13.0sp1/nios2eds/bin/gnu/h-i686-mingw32/bin/../lib/gcc/nios2-elf/4.1.2/../../../../nios2-elf/lib/mno-hw-mul\libsmallc.a(lib_a-exit.o)
                              ../Median_Filtter_App_bsp/\libhal_bsp.a(alt_main.o) (exit)
c:/altera/13.0sp1/nios2eds/bin/gnu/h-i686-mingw32/bin/../lib/gcc/nios2-elf/4.1.2/../../../../nios2-elf/lib/mno-hw-mul\libsmallc.a(lib_a-memcmp.o)
                              ../Median_Filtter_App_bsp/\libhal_bsp.a(alt_find_dev.o) (memcmp)
c:/altera/13.0sp1/nios2eds/bin/gnu/h-i686-mingw32/bin/../lib/gcc/nios2-elf/4.1.2/../../../../nios2-elf/lib/mno-hw-mul\libsmallc.a(lib_a-__atexit.o)
                              c:/altera/13.0sp1/nios2eds/bin/gnu/h-i686-mingw32/bin/../lib/gcc/nios2-elf/4.1.2/../../../../nios2-elf/lib/mno-hw-mul\libsmallc.a(lib_a-atexit.o) (__register_exitproc)
c:/altera/13.0sp1/nios2eds/bin/gnu/h-i686-mingw32/bin/../lib/gcc/nios2-elf/4.1.2/../../../../nios2-elf/lib/mno-hw-mul\libsmallc.a(lib_a-__call_atexit.o)
                              c:/altera/13.0sp1/nios2eds/bin/gnu/h-i686-mingw32/bin/../lib/gcc/nios2-elf/4.1.2/../../../../nios2-elf/lib/mno-hw-mul\libsmallc.a(lib_a-exit.o) (__call_exitprocs)
../Median_Filtter_App_bsp/\libhal_bsp.a(alt_exit.o)
                              c:/altera/13.0sp1/nios2eds/bin/gnu/h-i686-mingw32/bin/../lib/gcc/nios2-elf/4.1.2/../../../../nios2-elf/lib/mno-hw-mul\libsmallc.a(lib_a-exit.o) (_exit)

Allocating common symbols
Common symbol       size              file

errno               0x4               c:/altera/13.0sp1/nios2eds/bin/gnu/h-i686-mingw32/bin/../lib/gcc/nios2-elf/4.1.2/../../../../nios2-elf/lib/mno-hw-mul\libsmallc.a(lib_a-int_errno.o)
_atexit0            0x8c              c:/altera/13.0sp1/nios2eds/bin/gnu/h-i686-mingw32/bin/../lib/gcc/nios2-elf/4.1.2/../../../../nios2-elf/lib/mno-hw-mul\libsmallc.a(lib_a-atexit.o)

Memory Configuration

Name             Origin             Length             Attributes
new_sdram_controller_0 0x00800000         0x00800000
reset            0x01008000         0x00000020
onchip_memory2_0 0x01008020         0x00007fe0
*default*        0x00000000         0xffffffff

Linker script and memory map

LOAD ../Median_Filtter_App_bsp//obj/HAL/src/crt0.o
LOAD obj/default/median_filter_main.o
LOAD c:/altera/13.0sp1/nios2eds/bin/gnu/h-i686-mingw32/bin/../lib/gcc/nios2-elf/4.1.2/../../../../nios2-elf/lib/mno-hw-mul\libstdc++.a
LOAD c:/altera/13.0sp1/nios2eds/bin/gnu/h-i686-mingw32/bin/../lib/gcc/nios2-elf/4.1.2/../../../../nios2-elf/lib/mno-hw-mul\libm.a
LOAD c:/altera/13.0sp1/nios2eds/bin/gnu/h-i686-mingw32/bin/../lib/gcc/nios2-elf/4.1.2/mno-hw-mul\libgcc.a
START GROUP
LOAD c:/altera/13.0sp1/nios2eds/bin/gnu/h-i686-mingw32/bin/../lib/gcc/nios2-elf/4.1.2/../../../../nios2-elf/lib/mno-hw-mul\libsmallc.a
LOAD c:/altera/13.0sp1/nios2eds/bin/gnu/h-i686-mingw32/bin/../lib/gcc/nios2-elf/4.1.2/mno-hw-mul\libgcc.a
LOAD ../Median_Filtter_App_bsp/\libhal_bsp.a
END GROUP
LOAD c:/altera/13.0sp1/nios2eds/bin/gnu/h-i686-mingw32/bin/../lib/gcc/nios2-elf/4.1.2/mno-hw-mul\libgcc.a
                0x00800000                __alt_mem_new_sdram_controller_0 = 0x800000
                0x01008000                __alt_mem_onchip_memory2_0 = 0x1008000

.entry          0x01008000       0x20
 *(.entry)
 .entry         0x01008000       0x20 ../Median_Filtter_App_bsp//obj/HAL/src/crt0.o
                0x01008000                __reset

.exceptions     0x01008020        0x0
                0x01008020                PROVIDE (__ram_exceptions_start, ABSOLUTE (.))
                0x01008020                . = ALIGN (0x20)
 *(.irq)
 *(.exceptions.entry.label)
 *(.exceptions.entry.user)
 *(.exceptions.entry)
 *(.exceptions.irqtest.user)
 *(.exceptions.irqtest)
 *(.exceptions.irqhandler.user)
 *(.exceptions.irqhandler)
 *(.exceptions.irqreturn.user)
 *(.exceptions.irqreturn)
 *(.exceptions.notirq.label)
 *(.exceptions.notirq.user)
 *(.exceptions.notirq)
 *(.exceptions.soft.user)
 *(.exceptions.soft)
 *(.exceptions.unknown.user)
 *(.exceptions.unknown)
 *(.exceptions.exit.label)
 *(.exceptions.exit.user)
 *(.exceptions.exit)
 *(.exceptions)
                0x01008020                PROVIDE (__ram_exceptions_end, ABSOLUTE (.))
                0x01008020                PROVIDE (__flash_exceptions_start, LOADADDR (.exceptions))

.text           0x00800000     0x27b4
                0x00800000                PROVIDE (stext, ABSOLUTE (.))
 *(.interp)
 *(.hash)
 *(.dynsym)
 *(.dynstr)
 *(.gnu.version)
 *(.gnu.version_d)
 *(.gnu.version_r)
 *(.rel.init)
 *(.rela.init)
 *(.rel.text .rel.text.* .rel.gnu.linkonce.t.*)
 *(.rela.text .rela.text.* .rela.gnu.linkonce.t.*)
 *(.rel.fini)
 *(.rela.fini)
 *(.rel.rodata .rel.rodata.* .rel.gnu.linkonce.r.*)
 *(.rela.rodata .rela.rodata.* .rela.gnu.linkonce.r.*)
 *(.rel.data .rel.data.* .rel.gnu.linkonce.d.*)
 *(.rela.data .rela.data.* .rela.gnu.linkonce.d.*)
 *(.rel.tdata .rel.tdata.* .rel.gnu.linkonce.td.*)
 *(.rela.tdata .rela.tdata.* .rela.gnu.linkonce.td.*)
 *(.rel.tbss .rel.tbss.* .rel.gnu.linkonce.tb.*)
 *(.rela.tbss .rela.tbss.* .rela.gnu.linkonce.tb.*)
 *(.rel.ctors)
 *(.rela.ctors)
 *(.rel.dtors)
 *(.rela.dtors)
 *(.rel.got)
 *(.rela.got)
 *(.rel.sdata .rel.sdata.* .rel.gnu.linkonce.s.*)
 *(.rela.sdata .rela.sdata.* .rela.gnu.linkonce.s.*)
 *(.rel.sbss .rel.sbss.* .rel.gnu.linkonce.sb.*)
 *(.rela.sbss .rela.sbss.* .rela.gnu.linkonce.sb.*)
 *(.rel.sdata2 .rel.sdata2.* .rel.gnu.linkonce.s2.*)
 *(.rela.sdata2 .rela.sdata2.* .rela.gnu.linkonce.s2.*)
 *(.rel.sbss2 .rel.sbss2.* .rel.gnu.linkonce.sb2.*)
 *(.rela.sbss2 .rela.sbss2.* .rela.gnu.linkonce.sb2.*)
 *(.rel.bss .rel.bss.* .rel.gnu.linkonce.b.*)
 *(.rela.bss .rela.bss.* .rela.gnu.linkonce.b.*)
 *(.rel.plt)
 *(.rela.plt)
 *(.rel.dyn)
 *(.init)
 *(.plt)
 *(.text .stub .text.* .gnu.linkonce.t.*)
 .text          0x00800000       0x3c ../Median_Filtter_App_bsp//obj/HAL/src/crt0.o
                0x00800000                _start
 .text          0x0080003c      0x65c obj/default/median_filter_main.o
                0x008005e4                main
 .text          0x00800698      0x14c c:/altera/13.0sp1/nios2eds/bin/gnu/h-i686-mingw32/bin/../lib/gcc/nios2-elf/4.1.2/mno-hw-mul\libgcc.a(lib2-divmod.o)
                0x00800714                __divsi3
                0x00800774                __modsi3
                0x008007d4                __udivsi3
                0x008007dc                __umodsi3
 .text          0x008007e4       0x98 c:/altera/13.0sp1/nios2eds/bin/gnu/h-i686-mingw32/bin/../lib/gcc/nios2-elf/4.1.2/../../../../nios2-elf/lib/mno-hw-mul\libsmallc.a(lib_a-printf.o)
                0x008007e4                printf
                0x00800838                _printf_r
 .text          0x0080087c       0x24 c:/altera/13.0sp1/nios2eds/bin/gnu/h-i686-mingw32/bin/../lib/gcc/nios2-elf/4.1.2/../../../../nios2-elf/lib/mno-hw-mul\libsmallc.a(lib_a-putchar.o)
                0x0080087c                putchar
                0x00800898                _putchar_r
 .text          0x008008a0       0xa4 c:/altera/13.0sp1/nios2eds/bin/gnu/h-i686-mingw32/bin/../lib/gcc/nios2-elf/4.1.2/../../../../nios2-elf/lib/mno-hw-mul\libsmallc.a(lib_a-puts.o)
                0x008008a0                _puts_r
                0x00800930                puts
 .text          0x00800944       0x20 c:/altera/13.0sp1/nios2eds/bin/gnu/h-i686-mingw32/bin/../lib/gcc/nios2-elf/4.1.2/../../../../nios2-elf/lib/mno-hw-mul\libsmallc.a(lib_a-strlen.o)
                0x00800944                strlen
 .text          0x00800964      0x740 c:/altera/13.0sp1/nios2eds/bin/gnu/h-i686-mingw32/bin/../lib/gcc/nios2-elf/4.1.2/../../../../nios2-elf/lib/mno-hw-mul\libsmallc.a(lib_a-vfprintf.o)
                0x008009e4                ___vfprintf_internal_r
                0x00801080                __vfprintf_internal
 .text          0x008010a4       0xbc c:/altera/13.0sp1/nios2eds/bin/gnu/h-i686-mingw32/bin/../lib/gcc/nios2-elf/4.1.2/../../../../nios2-elf/lib/mno-hw-mul\libsmallc.a(lib_a-fvwrite_small_dev.o)
                0x008010a4                __sfvwrite_small_dev
 .text          0x00801160        0x0 c:/altera/13.0sp1/nios2eds/bin/gnu/h-i686-mingw32/bin/../lib/gcc/nios2-elf/4.1.2/../../../../nios2-elf/lib/mno-hw-mul\libsmallc.a(lib_a-impure.o)
 .text          0x00801160       0xe4 c:/altera/13.0sp1/nios2eds/bin/gnu/h-i686-mingw32/bin/../lib/gcc/nios2-elf/4.1.2/../../../../nios2-elf/lib/mno-hw-mul\libsmallc.a(lib_a-putc.o)
                0x00801160                putc
                0x008011d0                _putc_r
 .text          0x00801244       0x78 c:/altera/13.0sp1/nios2eds/bin/gnu/h-i686-mingw32/bin/../lib/gcc/nios2-elf/4.1.2/../../../../nios2-elf/lib/mno-hw-mul\libsmallc.a(lib_a-writer.o)
                0x00801244                _write_r
 .text          0x008012bc        0x0 c:/altera/13.0sp1/nios2eds/bin/gnu/h-i686-mingw32/bin/../lib/gcc/nios2-elf/4.1.2/../../../../nios2-elf/lib/mno-hw-mul\libsmallc.a(lib_a-int_errno.o)
 .text          0x008012bc       0x38 c:/altera/13.0sp1/nios2eds/bin/gnu/h-i686-mingw32/bin/../lib/gcc/nios2-elf/4.1.2/mno-hw-mul\libgcc.a(lib2-mul.o)
                0x008012bc                __mulsi3
 .text          0x008012f4       0xec ../Median_Filtter_App_bsp/\libhal_bsp.a(alt_load.o)
                0x008012f4                alt_load
 .text          0x008013e0       0x6c ../Median_Filtter_App_bsp/\libhal_bsp.a(alt_main.o)
                0x008013e0                alt_main
 .text          0x0080144c      0x184 ../Median_Filtter_App_bsp/\libhal_bsp.a(alt_write.o)
                0x0080144c                write
 .text          0x008015d0       0x9c ../Median_Filtter_App_bsp/\libhal_bsp.a(alt_sys_init.o)
                0x008015d0                alt_irq_init
                0x00801604                alt_sys_init
 .text          0x0080166c       0xb0 ../Median_Filtter_App_bsp/\libhal_bsp.a(altera_avalon_jtag_uart_fd.o)
                0x0080166c                altera_avalon_jtag_uart_read_fd
                0x008016c4                altera_avalon_jtag_uart_write_fd
 .text          0x0080171c      0x104 ../Median_Filtter_App_bsp/\libhal_bsp.a(altera_avalon_jtag_uart_read.o)
                0x0080171c                altera_avalon_jtag_uart_read
 .text          0x00801820       0xa4 ../Median_Filtter_App_bsp/\libhal_bsp.a(altera_avalon_jtag_uart_write.o)
                0x00801820                altera_avalon_jtag_uart_write
 .text          0x008018c4      0x160 ../Median_Filtter_App_bsp/\libhal_bsp.a(alt_close.o)
                0x008018c4                close
 .text          0x00801a24       0x1c ../Median_Filtter_App_bsp/\libhal_bsp.a(alt_dcache_flush_all.o)
                0x00801a24                alt_dcache_flush_all
 .text          0x00801a40       0x2c ../Median_Filtter_App_bsp/\libhal_bsp.a(alt_dev.o)
 .text          0x00801a6c      0x114 ../Median_Filtter_App_bsp/\libhal_bsp.a(alt_dev_llist_insert.o)
                0x00801a6c                alt_dev_llist_insert
 .text          0x00801b80       0x64 ../Median_Filtter_App_bsp/\libhal_bsp.a(alt_do_ctors.o)
                0x00801b80                _do_ctors
 .text          0x00801be4       0x64 ../Median_Filtter_App_bsp/\libhal_bsp.a(alt_do_dtors.o)
                0x00801be4                _do_dtors
 .text          0x00801c48        0x0 ../Median_Filtter_App_bsp/\libhal_bsp.a(alt_errno.o)
 .text          0x00801c48       0x1c ../Median_Filtter_App_bsp/\libhal_bsp.a(alt_icache_flush_all.o)
                0x00801c48                alt_icache_flush_all
 .text          0x00801c64      0x150 ../Median_Filtter_App_bsp/\libhal_bsp.a(alt_io_redirect.o)
                0x00801d3c                alt_io_redirect
 .text          0x00801db4      0x2e4 ../Median_Filtter_App_bsp/\libhal_bsp.a(alt_open.o)
                0x00801eac                open
 .text          0x00802098       0x78 ../Median_Filtter_App_bsp/\libhal_bsp.a(alt_release_fd.o)
                0x00802098                alt_release_fd
 .text          0x00802110       0x20 ../Median_Filtter_App_bsp/\libhal_bsp.a(altera_nios2_qsys_irq.o)
                0x00802110                altera_nios2_qsys_irq_init
 .text          0x00802130       0x94 ../Median_Filtter_App_bsp/\libhal_bsp.a(alt_find_dev.o)
                0x00802130                alt_find_dev
 .text          0x008021c4      0x120 ../Median_Filtter_App_bsp/\libhal_bsp.a(alt_find_file.o)
                0x008021c4                alt_find_file
 .text          0x008022e4       0xd0 ../Median_Filtter_App_bsp/\libhal_bsp.a(alt_get_fd.o)
                0x008022e4                alt_get_fd
 .text          0x008023b4       0x14 c:/altera/13.0sp1/nios2eds/bin/gnu/h-i686-mingw32/bin/../lib/gcc/nios2-elf/4.1.2/../../../../nios2-elf/lib/mno-hw-mul\libsmallc.a(lib_a-atexit.o)
                0x008023b4                atexit
 .text          0x008023c8       0x20 c:/altera/13.0sp1/nios2eds/bin/gnu/h-i686-mingw32/bin/../lib/gcc/nios2-elf/4.1.2/../../../../nios2-elf/lib/mno-hw-mul\libsmallc.a(lib_a-exit.o)
                0x008023c8                exit
 .text          0x008023e8       0x3c c:/altera/13.0sp1/nios2eds/bin/gnu/h-i686-mingw32/bin/../lib/gcc/nios2-elf/4.1.2/../../../../nios2-elf/lib/mno-hw-mul\libsmallc.a(lib_a-memcmp.o)
                0x008023e8                memcmp
 .text          0x00802424      0x16c c:/altera/13.0sp1/nios2eds/bin/gnu/h-i686-mingw32/bin/../lib/gcc/nios2-elf/4.1.2/../../../../nios2-elf/lib/mno-hw-mul\libsmallc.a(lib_a-__atexit.o)
                0x00802424                __register_exitproc
 .text          0x00802590      0x1c0 c:/altera/13.0sp1/nios2eds/bin/gnu/h-i686-mingw32/bin/../lib/gcc/nios2-elf/4.1.2/../../../../nios2-elf/lib/mno-hw-mul\libsmallc.a(lib_a-__call_atexit.o)
                0x00802594                __call_exitprocs
 .text          0x00802750       0x60 ../Median_Filtter_App_bsp/\libhal_bsp.a(alt_exit.o)
                0x00802790                _exit
 *(.gnu.warning.*)
 *(.fini)
                0x008027b0                PROVIDE (__etext, ABSOLUTE (.))
                0x008027b0                PROVIDE (_etext, ABSOLUTE (.))
                0x008027b0                PROVIDE (etext, ABSOLUTE (.))
 *(.eh_frame_hdr)
                0x008027b0                . = ALIGN (0x4)
                0x008027b0                PROVIDE (__preinit_array_start, ABSOLUTE (.))
 *(.preinit_array)
                0x008027b0                PROVIDE (__preinit_array_end, ABSOLUTE (.))
                0x008027b0                PROVIDE (__init_array_start, ABSOLUTE (.))
 *(.init_array)
                0x008027b0                PROVIDE (__init_array_end, ABSOLUTE (.))
                0x008027b0                PROVIDE (__fini_array_start, ABSOLUTE (.))
 *(.fini_array)
                0x008027b0                PROVIDE (__fini_array_end, ABSOLUTE (.))
 *(.eh_frame)
 *(.gcc_except_table)
 *(.dynamic)
                0x008027b0                PROVIDE (__CTOR_LIST__, ABSOLUTE (.))
 *(.ctors)
 *(SORT(.ctors.*))
 .ctors.65535   0x008027b0        0x4 c:/altera/13.0sp1/nios2eds/bin/gnu/h-i686-mingw32/bin/../lib/gcc/nios2-elf/4.1.2/../../../../nios2-elf/lib/mno-hw-mul\libsmallc.a(lib_a-__call_atexit.o)
                0x008027b4                PROVIDE (__CTOR_END__, ABSOLUTE (.))
                0x008027b4                PROVIDE (__DTOR_LIST__, ABSOLUTE (.))
 *(.dtors)
 *(SORT(.dtors.*))
                0x008027b4                PROVIDE (__DTOR_END__, ABSOLUTE (.))
 *(.jcr)
                0x008027b4                . = ALIGN (0x4)

.rodata         0x008027b4      0x2d0
                0x008027b4                PROVIDE (__ram_rodata_start, ABSOLUTE (.))
                0x008027b4                . = ALIGN (0x4)
 *(.rodata .rodata.* .gnu.linkonce.r.*)
 .rodata        0x008027b4      0x298 obj/default/median_filter_main.o
 .rodata.str1.4
                0x00802a4c        0x4 c:/altera/13.0sp1/nios2eds/bin/gnu/h-i686-mingw32/bin/../lib/gcc/nios2-elf/4.1.2/../../../../nios2-elf/lib/mno-hw-mul\libsmallc.a(lib_a-puts.o)
 .rodata        0x00802a50       0x14 ../Median_Filtter_App_bsp/\libhal_bsp.a(alt_main.o)
 .rodata        0x00802a64       0x14 ../Median_Filtter_App_bsp/\libhal_bsp.a(alt_sys_init.o)
 .rodata        0x00802a78        0xc ../Median_Filtter_App_bsp/\libhal_bsp.a(alt_dev.o)
 *(.rodata1)
                0x00802a84                . = ALIGN (0x4)
                0x00802a84                PROVIDE (__ram_rodata_end, ABSOLUTE (.))
                0x008027b4                PROVIDE (__flash_rodata_start, LOADADDR (.rodata))

.rwdata         0x00802a84      0x2d4 load address 0x00802d58
                0x00802a84                PROVIDE (__ram_rwdata_start, ABSOLUTE (.))
                0x00802a84                . = ALIGN (0x4)
 *(.got.plt)
 *(.got)
 *(.data1)
 *(.data .data.* .gnu.linkonce.d.*)
 .data          0x00802a84        0x0 ../Median_Filtter_App_bsp//obj/HAL/src/crt0.o
 .data          0x00802a84        0x0 obj/default/median_filter_main.o
 .data          0x00802a84        0x0 c:/altera/13.0sp1/nios2eds/bin/gnu/h-i686-mingw32/bin/../lib/gcc/nios2-elf/4.1.2/mno-hw-mul\libgcc.a(lib2-divmod.o)
 .data          0x00802a84        0x0 c:/altera/13.0sp1/nios2eds/bin/gnu/h-i686-mingw32/bin/../lib/gcc/nios2-elf/4.1.2/../../../../nios2-elf/lib/mno-hw-mul\libsmallc.a(lib_a-printf.o)
 .data          0x00802a84        0x0 c:/altera/13.0sp1/nios2eds/bin/gnu/h-i686-mingw32/bin/../lib/gcc/nios2-elf/4.1.2/../../../../nios2-elf/lib/mno-hw-mul\libsmallc.a(lib_a-putchar.o)
 .data          0x00802a84        0x0 c:/altera/13.0sp1/nios2eds/bin/gnu/h-i686-mingw32/bin/../lib/gcc/nios2-elf/4.1.2/../../../../nios2-elf/lib/mno-hw-mul\libsmallc.a(lib_a-puts.o)
 .data          0x00802a84        0x0 c:/altera/13.0sp1/nios2eds/bin/gnu/h-i686-mingw32/bin/../lib/gcc/nios2-elf/4.1.2/../../../../nios2-elf/lib/mno-hw-mul\libsmallc.a(lib_a-strlen.o)
 .data          0x00802a84        0x0 c:/altera/13.0sp1/nios2eds/bin/gnu/h-i686-mingw32/bin/../lib/gcc/nios2-elf/4.1.2/../../../../nios2-elf/lib/mno-hw-mul\libsmallc.a(lib_a-vfprintf.o)
 .data          0x00802a84        0x0 c:/altera/13.0sp1/nios2eds/bin/gnu/h-i686-mingw32/bin/../lib/gcc/nios2-elf/4.1.2/../../../../nios2-elf/lib/mno-hw-mul\libsmallc.a(lib_a-fvwrite_small_dev.o)
 .data          0x00802a84       0xe0 c:/altera/13.0sp1/nios2eds/bin/gnu/h-i686-mingw32/bin/../lib/gcc/nios2-elf/4.1.2/../../../../nios2-elf/lib/mno-hw-mul\libsmallc.a(lib_a-impure.o)
 .data          0x00802b64        0x0 c:/altera/13.0sp1/nios2eds/bin/gnu/h-i686-mingw32/bin/../lib/gcc/nios2-elf/4.1.2/../../../../nios2-elf/lib/mno-hw-mul\libsmallc.a(lib_a-putc.o)
 .data          0x00802b64        0x0 c:/altera/13.0sp1/nios2eds/bin/gnu/h-i686-mingw32/bin/../lib/gcc/nios2-elf/4.1.2/../../../../nios2-elf/lib/mno-hw-mul\libsmallc.a(lib_a-writer.o)
 .data          0x00802b64        0x0 c:/altera/13.0sp1/nios2eds/bin/gnu/h-i686-mingw32/bin/../lib/gcc/nios2-elf/4.1.2/../../../../nios2-elf/lib/mno-hw-mul\libsmallc.a(lib_a-int_errno.o)
 .data          0x00802b64        0x0 c:/altera/13.0sp1/nios2eds/bin/gnu/h-i686-mingw32/bin/../lib/gcc/nios2-elf/4.1.2/mno-hw-mul\libgcc.a(lib2-mul.o)
 .data          0x00802b64        0x0 ../Median_Filtter_App_bsp/\libhal_bsp.a(alt_load.o)
 .data          0x00802b64        0x0 ../Median_Filtter_App_bsp/\libhal_bsp.a(alt_main.o)
 .data          0x00802b64        0x0 ../Median_Filtter_App_bsp/\libhal_bsp.a(alt_write.o)
 .data          0x00802b64       0x2c ../Median_Filtter_App_bsp/\libhal_bsp.a(alt_sys_init.o)
 .data          0x00802b90        0x0 ../Median_Filtter_App_bsp/\libhal_bsp.a(altera_avalon_jtag_uart_fd.o)
 .data          0x00802b90        0x0 ../Median_Filtter_App_bsp/\libhal_bsp.a(altera_avalon_jtag_uart_read.o)
 .data          0x00802b90        0x0 ../Median_Filtter_App_bsp/\libhal_bsp.a(altera_avalon_jtag_uart_write.o)
 .data          0x00802b90        0x0 ../Median_Filtter_App_bsp/\libhal_bsp.a(alt_close.o)
 .data          0x00802b90        0x0 ../Median_Filtter_App_bsp/\libhal_bsp.a(alt_dcache_flush_all.o)
 .data          0x00802b90      0x1a8 ../Median_Filtter_App_bsp/\libhal_bsp.a(alt_dev.o)
                0x00802b90                alt_dev_null
                0x00802bb8                alt_fd_list
 .data          0x00802d38        0x0 ../Median_Filtter_App_bsp/\libhal_bsp.a(alt_dev_llist_insert.o)
 .data          0x00802d38        0x0 ../Median_Filtter_App_bsp/\libhal_bsp.a(alt_do_ctors.o)
 .data          0x00802d38        0x0 ../Median_Filtter_App_bsp/\libhal_bsp.a(alt_do_dtors.o)
 .data          0x00802d38        0x0 ../Median_Filtter_App_bsp/\libhal_bsp.a(alt_errno.o)
 .data          0x00802d38        0x0 ../Median_Filtter_App_bsp/\libhal_bsp.a(alt_icache_flush_all.o)
 .data          0x00802d38        0x0 ../Median_Filtter_App_bsp/\libhal_bsp.a(alt_io_redirect.o)
 .data          0x00802d38        0x0 ../Median_Filtter_App_bsp/\libhal_bsp.a(alt_open.o)
 .data          0x00802d38        0x0 ../Median_Filtter_App_bsp/\libhal_bsp.a(alt_release_fd.o)
 .data          0x00802d38        0x0 ../Median_Filtter_App_bsp/\libhal_bsp.a(altera_nios2_qsys_irq.o)
 .data          0x00802d38        0x0 ../Median_Filtter_App_bsp/\libhal_bsp.a(alt_find_dev.o)
 .data          0x00802d38        0x0 ../Median_Filtter_App_bsp/\libhal_bsp.a(alt_find_file.o)
 .data          0x00802d38        0x0 ../Median_Filtter_App_bsp/\libhal_bsp.a(alt_get_fd.o)
 .data          0x00802d38        0x0 c:/altera/13.0sp1/nios2eds/bin/gnu/h-i686-mingw32/bin/../lib/gcc/nios2-elf/4.1.2/../../../../nios2-elf/lib/mno-hw-mul\libsmallc.a(lib_a-atexit.o)
 .data          0x00802d38        0x0 c:/altera/13.0sp1/nios2eds/bin/gnu/h-i686-mingw32/bin/../lib/gcc/nios2-elf/4.1.2/../../../../nios2-elf/lib/mno-hw-mul\libsmallc.a(lib_a-exit.o)
 .data          0x00802d38        0x0 c:/altera/13.0sp1/nios2eds/bin/gnu/h-i686-mingw32/bin/../lib/gcc/nios2-elf/4.1.2/../../../../nios2-elf/lib/mno-hw-mul\libsmallc.a(lib_a-memcmp.o)
 .data          0x00802d38        0x0 c:/altera/13.0sp1/nios2eds/bin/gnu/h-i686-mingw32/bin/../lib/gcc/nios2-elf/4.1.2/../../../../nios2-elf/lib/mno-hw-mul\libsmallc.a(lib_a-__atexit.o)
 .data          0x00802d38        0x0 c:/altera/13.0sp1/nios2eds/bin/gnu/h-i686-mingw32/bin/../lib/gcc/nios2-elf/4.1.2/../../../../nios2-elf/lib/mno-hw-mul\libsmallc.a(lib_a-__call_atexit.o)
 .data          0x00802d38        0x0 ../Median_Filtter_App_bsp/\libhal_bsp.a(alt_exit.o)
                0x0080ad38                _gp = ABSOLUTE ((. + 0x8000))
                0x0080ad38                PROVIDE (gp, _gp)
 *(.rwdata .rwdata.*)
 *(.sdata .sdata.* .gnu.linkonce.s.*)
 .sdata         0x00802d38        0x8 c:/altera/13.0sp1/nios2eds/bin/gnu/h-i686-mingw32/bin/../lib/gcc/nios2-elf/4.1.2/../../../../nios2-elf/lib/mno-hw-mul\libsmallc.a(lib_a-impure.o)
                0x00802d38                _impure_ptr
                0x00802d3c                _global_impure_ptr
 .sdata         0x00802d40       0x14 ../Median_Filtter_App_bsp/\libhal_bsp.a(alt_dev.o)
                0x00802d40                alt_fs_list
                0x00802d48                alt_dev_list
                0x00802d50                alt_max_fd
 .sdata         0x00802d54        0x4 ../Median_Filtter_App_bsp/\libhal_bsp.a(alt_errno.o)
                0x00802d54                alt_errno
 *(.sdata2 .sdata2.* .gnu.linkonce.s2.*)
                0x00802d58                . = ALIGN (0x4)
                0x00802d58                _edata = ABSOLUTE (.)
                0x00802d58                PROVIDE (edata, ABSOLUTE (.))
                0x00802d58                PROVIDE (__ram_rwdata_end, ABSOLUTE (.))
                0x00802d58                PROVIDE (__flash_rwdata_start, LOADADDR (.rwdata))

.bss            0x0080302c    0x1fca0
                0x0080302c                __bss_start = ABSOLUTE (.)
                0x0080302c                PROVIDE (__sbss_start, ABSOLUTE (.))
                0x0080302c                PROVIDE (___sbss_start, ABSOLUTE (.))
 *(.dynsbss)
 *(.sbss .sbss.* .gnu.linkonce.sb.*)
 .sbss          0x0080302c        0x4 c:/altera/13.0sp1/nios2eds/bin/gnu/h-i686-mingw32/bin/../lib/gcc/nios2-elf/4.1.2/../../../../nios2-elf/lib/mno-hw-mul\libsmallc.a(lib_a-int_errno.o)
                0x0080302c                errno
 .sbss          0x00803030        0xc ../Median_Filtter_App_bsp/\libhal_bsp.a(alt_main.o)
                0x00803030                alt_argc
                0x00803034                alt_argv
                0x00803038                alt_envp
 *(.sbss2 .sbss2.* .gnu.linkonce.sb2.*)
 *(.scommon)
                0x0080303c                PROVIDE (__sbss_end, ABSOLUTE (.))
                0x0080303c                PROVIDE (___sbss_end, ABSOLUTE (.))
 *(.dynbss)
 *(.bss .bss.* .gnu.linkonce.b.*)
 .bss           0x0080303c        0x0 ../Median_Filtter_App_bsp//obj/HAL/src/crt0.o
 .bss           0x0080303c    0x1fc04 obj/default/median_filter_main.o
 .bss           0x00822c40        0x0 c:/altera/13.0sp1/nios2eds/bin/gnu/h-i686-mingw32/bin/../lib/gcc/nios2-elf/4.1.2/mno-hw-mul\libgcc.a(lib2-divmod.o)
 .bss           0x00822c40        0x0 c:/altera/13.0sp1/nios2eds/bin/gnu/h-i686-mingw32/bin/../lib/gcc/nios2-elf/4.1.2/../../../../nios2-elf/lib/mno-hw-mul\libsmallc.a(lib_a-printf.o)
 .bss           0x00822c40        0x0 c:/altera/13.0sp1/nios2eds/bin/gnu/h-i686-mingw32/bin/../lib/gcc/nios2-elf/4.1.2/../../../../nios2-elf/lib/mno-hw-mul\libsmallc.a(lib_a-putchar.o)
 .bss           0x00822c40        0x0 c:/altera/13.0sp1/nios2eds/bin/gnu/h-i686-mingw32/bin/../lib/gcc/nios2-elf/4.1.2/../../../../nios2-elf/lib/mno-hw-mul\libsmallc.a(lib_a-puts.o)
 .bss           0x00822c40        0x0 c:/altera/13.0sp1/nios2eds/bin/gnu/h-i686-mingw32/bin/../lib/gcc/nios2-elf/4.1.2/../../../../nios2-elf/lib/mno-hw-mul\libsmallc.a(lib_a-strlen.o)
 .bss           0x00822c40        0x0 c:/altera/13.0sp1/nios2eds/bin/gnu/h-i686-mingw32/bin/../lib/gcc/nios2-elf/4.1.2/../../../../nios2-elf/lib/mno-hw-mul\libsmallc.a(lib_a-vfprintf.o)
 .bss           0x00822c40        0x0 c:/altera/13.0sp1/nios2eds/bin/gnu/h-i686-mingw32/bin/../lib/gcc/nios2-elf/4.1.2/../../../../nios2-elf/lib/mno-hw-mul\libsmallc.a(lib_a-fvwrite_small_dev.o)
 .bss           0x00822c40        0x0 c:/altera/13.0sp1/nios2eds/bin/gnu/h-i686-mingw32/bin/../lib/gcc/nios2-elf/4.1.2/../../../../nios2-elf/lib/mno-hw-mul\libsmallc.a(lib_a-impure.o)
 .bss           0x00822c40        0x0 c:/altera/13.0sp1/nios2eds/bin/gnu/h-i686-mingw32/bin/../lib/gcc/nios2-elf/4.1.2/../../../../nios2-elf/lib/mno-hw-mul\libsmallc.a(lib_a-putc.o)
 .bss           0x00822c40        0x0 c:/altera/13.0sp1/nios2eds/bin/gnu/h-i686-mingw32/bin/../lib/gcc/nios2-elf/4.1.2/../../../../nios2-elf/lib/mno-hw-mul\libsmallc.a(lib_a-writer.o)
 .bss           0x00822c40        0x0 c:/altera/13.0sp1/nios2eds/bin/gnu/h-i686-mingw32/bin/../lib/gcc/nios2-elf/4.1.2/../../../../nios2-elf/lib/mno-hw-mul\libsmallc.a(lib_a-int_errno.o)
 .bss           0x00822c40        0x0 c:/altera/13.0sp1/nios2eds/bin/gnu/h-i686-mingw32/bin/../lib/gcc/nios2-elf/4.1.2/mno-hw-mul\libgcc.a(lib2-mul.o)
 .bss           0x00822c40        0x0 ../Median_Filtter_App_bsp/\libhal_bsp.a(alt_load.o)
 .bss           0x00822c40        0x0 ../Median_Filtter_App_bsp/\libhal_bsp.a(alt_main.o)
 .bss           0x00822c40        0x0 ../Median_Filtter_App_bsp/\libhal_bsp.a(alt_write.o)
 .bss           0x00822c40        0x0 ../Median_Filtter_App_bsp/\libhal_bsp.a(alt_sys_init.o)
 .bss           0x00822c40        0x0 ../Median_Filtter_App_bsp/\libhal_bsp.a(altera_avalon_jtag_uart_fd.o)
 .bss           0x00822c40        0x0 ../Median_Filtter_App_bsp/\libhal_bsp.a(altera_avalon_jtag_uart_read.o)
 .bss           0x00822c40        0x0 ../Median_Filtter_App_bsp/\libhal_bsp.a(altera_avalon_jtag_uart_write.o)
 .bss           0x00822c40        0x0 ../Median_Filtter_App_bsp/\libhal_bsp.a(alt_close.o)
 .bss           0x00822c40        0x0 ../Median_Filtter_App_bsp/\libhal_bsp.a(alt_dcache_flush_all.o)
 .bss           0x00822c40        0x0 ../Median_Filtter_App_bsp/\libhal_bsp.a(alt_dev.o)
 .bss           0x00822c40        0x0 ../Median_Filtter_App_bsp/\libhal_bsp.a(alt_dev_llist_insert.o)
 .bss           0x00822c40        0x0 ../Median_Filtter_App_bsp/\libhal_bsp.a(alt_do_ctors.o)
 .bss           0x00822c40        0x0 ../Median_Filtter_App_bsp/\libhal_bsp.a(alt_do_dtors.o)
 .bss           0x00822c40        0x0 ../Median_Filtter_App_bsp/\libhal_bsp.a(alt_errno.o)
 .bss           0x00822c40        0x0 ../Median_Filtter_App_bsp/\libhal_bsp.a(alt_icache_flush_all.o)
 .bss           0x00822c40        0x0 ../Median_Filtter_App_bsp/\libhal_bsp.a(alt_io_redirect.o)
 .bss           0x00822c40        0x0 ../Median_Filtter_App_bsp/\libhal_bsp.a(alt_open.o)
 .bss           0x00822c40        0x0 ../Median_Filtter_App_bsp/\libhal_bsp.a(alt_release_fd.o)
 .bss           0x00822c40        0x0 ../Median_Filtter_App_bsp/\libhal_bsp.a(altera_nios2_qsys_irq.o)
 .bss           0x00822c40        0x0 ../Median_Filtter_App_bsp/\libhal_bsp.a(alt_find_dev.o)
 .bss           0x00822c40        0x0 ../Median_Filtter_App_bsp/\libhal_bsp.a(alt_find_file.o)
 .bss           0x00822c40        0x0 ../Median_Filtter_App_bsp/\libhal_bsp.a(alt_get_fd.o)
 .bss           0x00822c40        0x0 c:/altera/13.0sp1/nios2eds/bin/gnu/h-i686-mingw32/bin/../lib/gcc/nios2-elf/4.1.2/../../../../nios2-elf/lib/mno-hw-mul\libsmallc.a(lib_a-atexit.o)
 .bss           0x00822c40        0x0 c:/altera/13.0sp1/nios2eds/bin/gnu/h-i686-mingw32/bin/../lib/gcc/nios2-elf/4.1.2/../../../../nios2-elf/lib/mno-hw-mul\libsmallc.a(lib_a-exit.o)
 .bss           0x00822c40        0x0 c:/altera/13.0sp1/nios2eds/bin/gnu/h-i686-mingw32/bin/../lib/gcc/nios2-elf/4.1.2/../../../../nios2-elf/lib/mno-hw-mul\libsmallc.a(lib_a-memcmp.o)
 .bss           0x00822c40        0x0 c:/altera/13.0sp1/nios2eds/bin/gnu/h-i686-mingw32/bin/../lib/gcc/nios2-elf/4.1.2/../../../../nios2-elf/lib/mno-hw-mul\libsmallc.a(lib_a-__atexit.o)
 .bss           0x00822c40        0x0 c:/altera/13.0sp1/nios2eds/bin/gnu/h-i686-mingw32/bin/../lib/gcc/nios2-elf/4.1.2/../../../../nios2-elf/lib/mno-hw-mul\libsmallc.a(lib_a-__call_atexit.o)
 .bss           0x00822c40        0x0 ../Median_Filtter_App_bsp/\libhal_bsp.a(alt_exit.o)
 *(COMMON)
 COMMON         0x00822c40       0x8c c:/altera/13.0sp1/nios2eds/bin/gnu/h-i686-mingw32/bin/../lib/gcc/nios2-elf/4.1.2/../../../../nios2-elf/lib/mno-hw-mul\libsmallc.a(lib_a-atexit.o)
                0x00822c40                _atexit0
                0x00822ccc                . = ALIGN (0x4)
                0x00822ccc                __bss_end = ABSOLUTE (.)

.new_sdram_controller_0
                0x00822ccc        0x0
                0x00822ccc                PROVIDE (_alt_partition_new_sdram_controller_0_start, ABSOLUTE (.))
 *(.new_sdram_controller_0. new_sdram_controller_0.*)
                0x00822ccc                . = ALIGN (0x4)
                0x00822ccc                PROVIDE (_alt_partition_new_sdram_controller_0_end, ABSOLUTE (.))
                0x00822ccc                _end = ABSOLUTE (.)
                0x00822ccc                end = ABSOLUTE (.)
                0x00822ccc                __alt_stack_base = ABSOLUTE (.)
                0x00822ccc                PROVIDE (_alt_partition_new_sdram_controller_0_load_addr, LOADADDR (.new_sdram_controller_0))

.onchip_memory2_0
                0x01008020        0x0 load address 0x00822ccc
                0x01008020                PROVIDE (_alt_partition_onchip_memory2_0_start, ABSOLUTE (.))
 *(.onchip_memory2_0. onchip_memory2_0.*)
                0x01008020                . = ALIGN (0x4)
                0x01008020                PROVIDE (_alt_partition_onchip_memory2_0_end, ABSOLUTE (.))
                0x00822ccc                PROVIDE (_alt_partition_onchip_memory2_0_load_addr, LOADADDR (.onchip_memory2_0))

.stab
 *(.stab)

.stabstr
 *(.stabstr)

.stab.excl
 *(.stab.excl)

.stab.exclstr
 *(.stab.exclstr)

.stab.index
 *(.stab.index)

.stab.indexstr
 *(.stab.indexstr)

.comment        0x00000000       0x26
 *(.comment)
 .comment       0x00000000       0x26 obj/default/median_filter_main.o
                                 0x27 (size before relaxing)
 .comment       0x00000000       0x27 c:/altera/13.0sp1/nios2eds/bin/gnu/h-i686-mingw32/bin/../lib/gcc/nios2-elf/4.1.2/mno-hw-mul\libgcc.a(lib2-divmod.o)
 .comment       0x00000000       0x27 c:/altera/13.0sp1/nios2eds/bin/gnu/h-i686-mingw32/bin/../lib/gcc/nios2-elf/4.1.2/../../../../nios2-elf/lib/mno-hw-mul\libsmallc.a(lib_a-printf.o)
 .comment       0x00000000       0x27 c:/altera/13.0sp1/nios2eds/bin/gnu/h-i686-mingw32/bin/../lib/gcc/nios2-elf/4.1.2/../../../../nios2-elf/lib/mno-hw-mul\libsmallc.a(lib_a-putchar.o)
 .comment       0x00000000       0x27 c:/altera/13.0sp1/nios2eds/bin/gnu/h-i686-mingw32/bin/../lib/gcc/nios2-elf/4.1.2/../../../../nios2-elf/lib/mno-hw-mul\libsmallc.a(lib_a-puts.o)
 .comment       0x00000000       0x27 c:/altera/13.0sp1/nios2eds/bin/gnu/h-i686-mingw32/bin/../lib/gcc/nios2-elf/4.1.2/../../../../nios2-elf/lib/mno-hw-mul\libsmallc.a(lib_a-strlen.o)
 .comment       0x00000000       0x27 c:/altera/13.0sp1/nios2eds/bin/gnu/h-i686-mingw32/bin/../lib/gcc/nios2-elf/4.1.2/../../../../nios2-elf/lib/mno-hw-mul\libsmallc.a(lib_a-vfprintf.o)
 .comment       0x00000000       0x27 c:/altera/13.0sp1/nios2eds/bin/gnu/h-i686-mingw32/bin/../lib/gcc/nios2-elf/4.1.2/../../../../nios2-elf/lib/mno-hw-mul\libsmallc.a(lib_a-fvwrite_small_dev.o)
 .comment       0x00000000       0x27 c:/altera/13.0sp1/nios2eds/bin/gnu/h-i686-mingw32/bin/../lib/gcc/nios2-elf/4.1.2/../../../../nios2-elf/lib/mno-hw-mul\libsmallc.a(lib_a-impure.o)
 .comment       0x00000000       0x27 c:/altera/13.0sp1/nios2eds/bin/gnu/h-i686-mingw32/bin/../lib/gcc/nios2-elf/4.1.2/../../../../nios2-elf/lib/mno-hw-mul\libsmallc.a(lib_a-putc.o)
 .comment       0x00000000       0x27 c:/altera/13.0sp1/nios2eds/bin/gnu/h-i686-mingw32/bin/../lib/gcc/nios2-elf/4.1.2/../../../../nios2-elf/lib/mno-hw-mul\libsmallc.a(lib_a-writer.o)
 .comment       0x00000000       0x27 c:/altera/13.0sp1/nios2eds/bin/gnu/h-i686-mingw32/bin/../lib/gcc/nios2-elf/4.1.2/../../../../nios2-elf/lib/mno-hw-mul\libsmallc.a(lib_a-int_errno.o)
 .comment       0x00000000       0x27 c:/altera/13.0sp1/nios2eds/bin/gnu/h-i686-mingw32/bin/../lib/gcc/nios2-elf/4.1.2/mno-hw-mul\libgcc.a(lib2-mul.o)
 .comment       0x00000000       0x27 ../Median_Filtter_App_bsp/\libhal_bsp.a(alt_load.o)
 .comment       0x00000000       0x27 ../Median_Filtter_App_bsp/\libhal_bsp.a(alt_main.o)
 .comment       0x00000000       0x27 ../Median_Filtter_App_bsp/\libhal_bsp.a(alt_write.o)
 .comment       0x00000000       0x27 ../Median_Filtter_App_bsp/\libhal_bsp.a(alt_sys_init.o)
 .comment       0x00000000       0x27 ../Median_Filtter_App_bsp/\libhal_bsp.a(altera_avalon_jtag_uart_fd.o)
 .comment       0x00000000       0x27 ../Median_Filtter_App_bsp/\libhal_bsp.a(altera_avalon_jtag_uart_read.o)
 .comment       0x00000000       0x27 ../Median_Filtter_App_bsp/\libhal_bsp.a(altera_avalon_jtag_uart_write.o)
 .comment       0x00000000       0x27 ../Median_Filtter_App_bsp/\libhal_bsp.a(alt_close.o)
 .comment       0x00000000       0x27 ../Median_Filtter_App_bsp/\libhal_bsp.a(alt_dcache_flush_all.o)
 .comment       0x00000000       0x27 ../Median_Filtter_App_bsp/\libhal_bsp.a(alt_dev.o)
 .comment       0x00000000       0x27 ../Median_Filtter_App_bsp/\libhal_bsp.a(alt_dev_llist_insert.o)
 .comment       0x00000000       0x27 ../Median_Filtter_App_bsp/\libhal_bsp.a(alt_do_ctors.o)
 .comment       0x00000000       0x27 ../Median_Filtter_App_bsp/\libhal_bsp.a(alt_do_dtors.o)
 .comment       0x00000000       0x27 ../Median_Filtter_App_bsp/\libhal_bsp.a(alt_errno.o)
 .comment       0x00000000       0x27 ../Median_Filtter_App_bsp/\libhal_bsp.a(alt_icache_flush_all.o)
 .comment       0x00000000       0x27 ../Median_Filtter_App_bsp/\libhal_bsp.a(alt_io_redirect.o)
 .comment       0x00000000       0x27 ../Median_Filtter_App_bsp/\libhal_bsp.a(alt_open.o)
 .comment       0x00000000       0x27 ../Median_Filtter_App_bsp/\libhal_bsp.a(alt_release_fd.o)
 .comment       0x00000000       0x27 ../Median_Filtter_App_bsp/\libhal_bsp.a(altera_nios2_qsys_irq.o)
 .comment       0x00000000       0x27 ../Median_Filtter_App_bsp/\libhal_bsp.a(alt_find_dev.o)
 .comment       0x00000000       0x27 ../Median_Filtter_App_bsp/\libhal_bsp.a(alt_find_file.o)
 .comment       0x00000000       0x27 ../Median_Filtter_App_bsp/\libhal_bsp.a(alt_get_fd.o)
 .comment       0x00000000       0x27 c:/altera/13.0sp1/nios2eds/bin/gnu/h-i686-mingw32/bin/../lib/gcc/nios2-elf/4.1.2/../../../../nios2-elf/lib/mno-hw-mul\libsmallc.a(lib_a-atexit.o)
 .comment       0x00000000       0x27 c:/altera/13.0sp1/nios2eds/bin/gnu/h-i686-mingw32/bin/../lib/gcc/nios2-elf/4.1.2/../../../../nios2-elf/lib/mno-hw-mul\libsmallc.a(lib_a-exit.o)
 .comment       0x00000000       0x27 c:/altera/13.0sp1/nios2eds/bin/gnu/h-i686-mingw32/bin/../lib/gcc/nios2-elf/4.1.2/../../../../nios2-elf/lib/mno-hw-mul\libsmallc.a(lib_a-memcmp.o)
 .comment       0x00000000       0x27 c:/altera/13.0sp1/nios2eds/bin/gnu/h-i686-mingw32/bin/../lib/gcc/nios2-elf/4.1.2/../../../../nios2-elf/lib/mno-hw-mul\libsmallc.a(lib_a-__atexit.o)
 .comment       0x00000000       0x27 c:/altera/13.0sp1/nios2eds/bin/gnu/h-i686-mingw32/bin/../lib/gcc/nios2-elf/4.1.2/../../../../nios2-elf/lib/mno-hw-mul\libsmallc.a(lib_a-__call_atexit.o)
 .comment       0x00000000       0x27 ../Median_Filtter_App_bsp/\libhal_bsp.a(alt_exit.o)

.debug
 *(.debug)

.line
 *(.line)

.debug_srcinfo
 *(.debug_srcinfo)

.debug_sfnames
 *(.debug_sfnames)

.debug_aranges  0x00000000      0x4e8
 *(.debug_aranges)
 .debug_aranges
                0x00000000       0x28 ../Median_Filtter_App_bsp//obj/HAL/src/crt0.o
 .debug_aranges
                0x00000028       0x20 obj/default/median_filter_main.o
 .debug_aranges
                0x00000048       0x20 c:/altera/13.0sp1/nios2eds/bin/gnu/h-i686-mingw32/bin/../lib/gcc/nios2-elf/4.1.2/mno-hw-mul\libgcc.a(lib2-divmod.o)
 .debug_aranges
                0x00000068       0x20 c:/altera/13.0sp1/nios2eds/bin/gnu/h-i686-mingw32/bin/../lib/gcc/nios2-elf/4.1.2/../../../../nios2-elf/lib/mno-hw-mul\libsmallc.a(lib_a-printf.o)
 .debug_aranges
                0x00000088       0x20 c:/altera/13.0sp1/nios2eds/bin/gnu/h-i686-mingw32/bin/../lib/gcc/nios2-elf/4.1.2/../../../../nios2-elf/lib/mno-hw-mul\libsmallc.a(lib_a-putchar.o)
 .debug_aranges
                0x000000a8       0x20 c:/altera/13.0sp1/nios2eds/bin/gnu/h-i686-mingw32/bin/../lib/gcc/nios2-elf/4.1.2/../../../../nios2-elf/lib/mno-hw-mul\libsmallc.a(lib_a-puts.o)
 .debug_aranges
                0x000000c8       0x20 c:/altera/13.0sp1/nios2eds/bin/gnu/h-i686-mingw32/bin/../lib/gcc/nios2-elf/4.1.2/../../../../nios2-elf/lib/mno-hw-mul\libsmallc.a(lib_a-strlen.o)
 .debug_aranges
                0x000000e8       0x20 c:/altera/13.0sp1/nios2eds/bin/gnu/h-i686-mingw32/bin/../lib/gcc/nios2-elf/4.1.2/../../../../nios2-elf/lib/mno-hw-mul\libsmallc.a(lib_a-vfprintf.o)
 .debug_aranges
                0x00000108       0x20 c:/altera/13.0sp1/nios2eds/bin/gnu/h-i686-mingw32/bin/../lib/gcc/nios2-elf/4.1.2/../../../../nios2-elf/lib/mno-hw-mul\libsmallc.a(lib_a-fvwrite_small_dev.o)
 .debug_aranges
                0x00000128       0x20 c:/altera/13.0sp1/nios2eds/bin/gnu/h-i686-mingw32/bin/../lib/gcc/nios2-elf/4.1.2/../../../../nios2-elf/lib/mno-hw-mul\libsmallc.a(lib_a-putc.o)
 .debug_aranges
                0x00000148       0x20 c:/altera/13.0sp1/nios2eds/bin/gnu/h-i686-mingw32/bin/../lib/gcc/nios2-elf/4.1.2/../../../../nios2-elf/lib/mno-hw-mul\libsmallc.a(lib_a-writer.o)
 .debug_aranges
                0x00000168       0x20 c:/altera/13.0sp1/nios2eds/bin/gnu/h-i686-mingw32/bin/../lib/gcc/nios2-elf/4.1.2/mno-hw-mul\libgcc.a(lib2-mul.o)
 .debug_aranges
                0x00000188       0x20 ../Median_Filtter_App_bsp/\libhal_bsp.a(alt_load.o)
 .debug_aranges
                0x000001a8       0x20 ../Median_Filtter_App_bsp/\libhal_bsp.a(alt_main.o)
 .debug_aranges
                0x000001c8       0x20 ../Median_Filtter_App_bsp/\libhal_bsp.a(alt_write.o)
 .debug_aranges
                0x000001e8       0x20 ../Median_Filtter_App_bsp/\libhal_bsp.a(alt_sys_init.o)
 .debug_aranges
                0x00000208       0x20 ../Median_Filtter_App_bsp/\libhal_bsp.a(altera_avalon_jtag_uart_fd.o)
 .debug_aranges
                0x00000228       0x20 ../Median_Filtter_App_bsp/\libhal_bsp.a(altera_avalon_jtag_uart_read.o)
 .debug_aranges
                0x00000248       0x20 ../Median_Filtter_App_bsp/\libhal_bsp.a(altera_avalon_jtag_uart_write.o)
 .debug_aranges
                0x00000268       0x20 ../Median_Filtter_App_bsp/\libhal_bsp.a(alt_close.o)
 .debug_aranges
                0x00000288       0x20 ../Median_Filtter_App_bsp/\libhal_bsp.a(alt_dcache_flush_all.o)
 .debug_aranges
                0x000002a8       0x20 ../Median_Filtter_App_bsp/\libhal_bsp.a(alt_dev.o)
 .debug_aranges
                0x000002c8       0x20 ../Median_Filtter_App_bsp/\libhal_bsp.a(alt_dev_llist_insert.o)
 .debug_aranges
                0x000002e8       0x20 ../Median_Filtter_App_bsp/\libhal_bsp.a(alt_do_ctors.o)
 .debug_aranges
                0x00000308       0x20 ../Median_Filtter_App_bsp/\libhal_bsp.a(alt_do_dtors.o)
 .debug_aranges
                0x00000328       0x20 ../Median_Filtter_App_bsp/\libhal_bsp.a(alt_icache_flush_all.o)
 .debug_aranges
                0x00000348       0x20 ../Median_Filtter_App_bsp/\libhal_bsp.a(alt_io_redirect.o)
 .debug_aranges
                0x00000368       0x20 ../Median_Filtter_App_bsp/\libhal_bsp.a(alt_open.o)
 .debug_aranges
                0x00000388       0x20 ../Median_Filtter_App_bsp/\libhal_bsp.a(alt_release_fd.o)
 .debug_aranges
                0x000003a8       0x20 ../Median_Filtter_App_bsp/\libhal_bsp.a(altera_nios2_qsys_irq.o)
 .debug_aranges
                0x000003c8       0x20 ../Median_Filtter_App_bsp/\libhal_bsp.a(alt_find_dev.o)
 .debug_aranges
                0x000003e8       0x20 ../Median_Filtter_App_bsp/\libhal_bsp.a(alt_find_file.o)
 .debug_aranges
                0x00000408       0x20 ../Median_Filtter_App_bsp/\libhal_bsp.a(alt_get_fd.o)
 .debug_aranges
                0x00000428       0x20 c:/altera/13.0sp1/nios2eds/bin/gnu/h-i686-mingw32/bin/../lib/gcc/nios2-elf/4.1.2/../../../../nios2-elf/lib/mno-hw-mul\libsmallc.a(lib_a-atexit.o)
 .debug_aranges
                0x00000448       0x20 c:/altera/13.0sp1/nios2eds/bin/gnu/h-i686-mingw32/bin/../lib/gcc/nios2-elf/4.1.2/../../../../nios2-elf/lib/mno-hw-mul\libsmallc.a(lib_a-exit.o)
 .debug_aranges
                0x00000468       0x20 c:/altera/13.0sp1/nios2eds/bin/gnu/h-i686-mingw32/bin/../lib/gcc/nios2-elf/4.1.2/../../../../nios2-elf/lib/mno-hw-mul\libsmallc.a(lib_a-memcmp.o)
 .debug_aranges
                0x00000488       0x20 c:/altera/13.0sp1/nios2eds/bin/gnu/h-i686-mingw32/bin/../lib/gcc/nios2-elf/4.1.2/../../../../nios2-elf/lib/mno-hw-mul\libsmallc.a(lib_a-__atexit.o)
 .debug_aranges
                0x000004a8       0x20 c:/altera/13.0sp1/nios2eds/bin/gnu/h-i686-mingw32/bin/../lib/gcc/nios2-elf/4.1.2/../../../../nios2-elf/lib/mno-hw-mul\libsmallc.a(lib_a-__call_atexit.o)
 .debug_aranges
                0x000004c8       0x20 ../Median_Filtter_App_bsp/\libhal_bsp.a(alt_exit.o)

.debug_pubnames
                0x00000000      0x6ce
 *(.debug_pubnames)
 .debug_pubnames
                0x00000000       0x1b obj/default/median_filter_main.o
 .debug_pubnames
                0x0000001b       0x48 c:/altera/13.0sp1/nios2eds/bin/gnu/h-i686-mingw32/bin/../lib/gcc/nios2-elf/4.1.2/mno-hw-mul\libgcc.a(lib2-divmod.o)
 .debug_pubnames
                0x00000063       0x2b c:/altera/13.0sp1/nios2eds/bin/gnu/h-i686-mingw32/bin/../lib/gcc/nios2-elf/4.1.2/../../../../nios2-elf/lib/mno-hw-mul\libsmallc.a(lib_a-printf.o)
 .debug_pubnames
                0x0000008e       0x2d c:/altera/13.0sp1/nios2eds/bin/gnu/h-i686-mingw32/bin/../lib/gcc/nios2-elf/4.1.2/../../../../nios2-elf/lib/mno-hw-mul\libsmallc.a(lib_a-putchar.o)
 .debug_pubnames
                0x000000bb       0x27 c:/altera/13.0sp1/nios2eds/bin/gnu/h-i686-mingw32/bin/../lib/gcc/nios2-elf/4.1.2/../../../../nios2-elf/lib/mno-hw-mul\libsmallc.a(lib_a-puts.o)
 .debug_pubnames
                0x000000e2       0x1d c:/altera/13.0sp1/nios2eds/bin/gnu/h-i686-mingw32/bin/../lib/gcc/nios2-elf/4.1.2/../../../../nios2-elf/lib/mno-hw-mul\libsmallc.a(lib_a-strlen.o)
 .debug_pubnames
                0x000000ff       0x45 c:/altera/13.0sp1/nios2eds/bin/gnu/h-i686-mingw32/bin/../lib/gcc/nios2-elf/4.1.2/../../../../nios2-elf/lib/mno-hw-mul\libsmallc.a(lib_a-vfprintf.o)
 .debug_pubnames
                0x00000144       0x2b c:/altera/13.0sp1/nios2eds/bin/gnu/h-i686-mingw32/bin/../lib/gcc/nios2-elf/4.1.2/../../../../nios2-elf/lib/mno-hw-mul\libsmallc.a(lib_a-fvwrite_small_dev.o)
 .debug_pubnames
                0x0000016f       0x39 c:/altera/13.0sp1/nios2eds/bin/gnu/h-i686-mingw32/bin/../lib/gcc/nios2-elf/4.1.2/../../../../nios2-elf/lib/mno-hw-mul\libsmallc.a(lib_a-impure.o)
 .debug_pubnames
                0x000001a8       0x27 c:/altera/13.0sp1/nios2eds/bin/gnu/h-i686-mingw32/bin/../lib/gcc/nios2-elf/4.1.2/../../../../nios2-elf/lib/mno-hw-mul\libsmallc.a(lib_a-putc.o)
 .debug_pubnames
                0x000001cf       0x1f c:/altera/13.0sp1/nios2eds/bin/gnu/h-i686-mingw32/bin/../lib/gcc/nios2-elf/4.1.2/../../../../nios2-elf/lib/mno-hw-mul\libsmallc.a(lib_a-writer.o)
 .debug_pubnames
                0x000001ee       0x1c c:/altera/13.0sp1/nios2eds/bin/gnu/h-i686-mingw32/bin/../lib/gcc/nios2-elf/4.1.2/../../../../nios2-elf/lib/mno-hw-mul\libsmallc.a(lib_a-int_errno.o)
 .debug_pubnames
                0x0000020a       0x1f c:/altera/13.0sp1/nios2eds/bin/gnu/h-i686-mingw32/bin/../lib/gcc/nios2-elf/4.1.2/mno-hw-mul\libgcc.a(lib2-mul.o)
 .debug_pubnames
                0x00000229       0x1f ../Median_Filtter_App_bsp/\libhal_bsp.a(alt_load.o)
 .debug_pubnames
                0x00000248       0x46 ../Median_Filtter_App_bsp/\libhal_bsp.a(alt_main.o)
 .debug_pubnames
                0x0000028e       0x1c ../Median_Filtter_App_bsp/\libhal_bsp.a(alt_write.o)
 .debug_pubnames
                0x000002aa       0x34 ../Median_Filtter_App_bsp/\libhal_bsp.a(alt_sys_init.o)
 .debug_pubnames
                0x000002de       0x5b ../Median_Filtter_App_bsp/\libhal_bsp.a(altera_avalon_jtag_uart_fd.o)
 .debug_pubnames
                0x00000339       0x33 ../Median_Filtter_App_bsp/\libhal_bsp.a(altera_avalon_jtag_uart_read.o)
 .debug_pubnames
                0x0000036c       0x34 ../Median_Filtter_App_bsp/\libhal_bsp.a(altera_avalon_jtag_uart_write.o)
 .debug_pubnames
                0x000003a0       0x1c ../Median_Filtter_App_bsp/\libhal_bsp.a(alt_close.o)
 .debug_pubnames
                0x000003bc       0x2b ../Median_Filtter_App_bsp/\libhal_bsp.a(alt_dcache_flush_all.o)
 .debug_pubnames
                0x000003e7       0x63 ../Median_Filtter_App_bsp/\libhal_bsp.a(alt_dev.o)
 .debug_pubnames
                0x0000044a       0x2b ../Median_Filtter_App_bsp/\libhal_bsp.a(alt_dev_llist_insert.o)
 .debug_pubnames
                0x00000475       0x20 ../Median_Filtter_App_bsp/\libhal_bsp.a(alt_do_ctors.o)
 .debug_pubnames
                0x00000495       0x20 ../Median_Filtter_App_bsp/\libhal_bsp.a(alt_do_dtors.o)
 .debug_pubnames
                0x000004b5       0x20 ../Median_Filtter_App_bsp/\libhal_bsp.a(alt_errno.o)
 .debug_pubnames
                0x000004d5       0x2b ../Median_Filtter_App_bsp/\libhal_bsp.a(alt_icache_flush_all.o)
 .debug_pubnames
                0x00000500       0x26 ../Median_Filtter_App_bsp/\libhal_bsp.a(alt_io_redirect.o)
 .debug_pubnames
                0x00000526       0x1b ../Median_Filtter_App_bsp/\libhal_bsp.a(alt_open.o)
 .debug_pubnames
                0x00000541       0x25 ../Median_Filtter_App_bsp/\libhal_bsp.a(alt_release_fd.o)
 .debug_pubnames
                0x00000566       0x31 ../Median_Filtter_App_bsp/\libhal_bsp.a(altera_nios2_qsys_irq.o)
 .debug_pubnames
                0x00000597       0x23 ../Median_Filtter_App_bsp/\libhal_bsp.a(alt_find_dev.o)
 .debug_pubnames
                0x000005ba       0x24 ../Median_Filtter_App_bsp/\libhal_bsp.a(alt_find_file.o)
 .debug_pubnames
                0x000005de       0x21 ../Median_Filtter_App_bsp/\libhal_bsp.a(alt_get_fd.o)
 .debug_pubnames
                0x000005ff       0x2a c:/altera/13.0sp1/nios2eds/bin/gnu/h-i686-mingw32/bin/../lib/gcc/nios2-elf/4.1.2/../../../../nios2-elf/lib/mno-hw-mul\libsmallc.a(lib_a-atexit.o)
 .debug_pubnames
                0x00000629       0x1b c:/altera/13.0sp1/nios2eds/bin/gnu/h-i686-mingw32/bin/../lib/gcc/nios2-elf/4.1.2/../../../../nios2-elf/lib/mno-hw-mul\libsmallc.a(lib_a-exit.o)
 .debug_pubnames
                0x00000644       0x1d c:/altera/13.0sp1/nios2eds/bin/gnu/h-i686-mingw32/bin/../lib/gcc/nios2-elf/4.1.2/../../../../nios2-elf/lib/mno-hw-mul\libsmallc.a(lib_a-memcmp.o)
 .debug_pubnames
                0x00000661       0x2a c:/altera/13.0sp1/nios2eds/bin/gnu/h-i686-mingw32/bin/../lib/gcc/nios2-elf/4.1.2/../../../../nios2-elf/lib/mno-hw-mul\libsmallc.a(lib_a-__atexit.o)
 .debug_pubnames
                0x0000068b       0x27 c:/altera/13.0sp1/nios2eds/bin/gnu/h-i686-mingw32/bin/../lib/gcc/nios2-elf/4.1.2/../../../../nios2-elf/lib/mno-hw-mul\libsmallc.a(lib_a-__call_atexit.o)
 .debug_pubnames
                0x000006b2       0x1c ../Median_Filtter_App_bsp/\libhal_bsp.a(alt_exit.o)

.debug_info     0x00000000     0x9e15
 *(.debug_info .gnu.linkonce.wi.*)
 .debug_info    0x00000000       0x6a ../Median_Filtter_App_bsp//obj/HAL/src/crt0.o
 .debug_info    0x0000006a      0x378 obj/default/median_filter_main.o
 .debug_info    0x000003e2      0x21c c:/altera/13.0sp1/nios2eds/bin/gnu/h-i686-mingw32/bin/../lib/gcc/nios2-elf/4.1.2/mno-hw-mul\libgcc.a(lib2-divmod.o)
 .debug_info    0x000005fe      0x6c8 c:/altera/13.0sp1/nios2eds/bin/gnu/h-i686-mingw32/bin/../lib/gcc/nios2-elf/4.1.2/../../../../nios2-elf/lib/mno-hw-mul\libsmallc.a(lib_a-printf.o)
 .debug_info    0x00000cc6      0x66b c:/altera/13.0sp1/nios2eds/bin/gnu/h-i686-mingw32/bin/../lib/gcc/nios2-elf/4.1.2/../../../../nios2-elf/lib/mno-hw-mul\libsmallc.a(lib_a-putchar.o)
 .debug_info    0x00001331      0x685 c:/altera/13.0sp1/nios2eds/bin/gnu/h-i686-mingw32/bin/../lib/gcc/nios2-elf/4.1.2/../../../../nios2-elf/lib/mno-hw-mul\libsmallc.a(lib_a-puts.o)
 .debug_info    0x000019b6       0xc2 c:/altera/13.0sp1/nios2eds/bin/gnu/h-i686-mingw32/bin/../lib/gcc/nios2-elf/4.1.2/../../../../nios2-elf/lib/mno-hw-mul\libsmallc.a(lib_a-strlen.o)
 .debug_info    0x00001a78      0x9b6 c:/altera/13.0sp1/nios2eds/bin/gnu/h-i686-mingw32/bin/../lib/gcc/nios2-elf/4.1.2/../../../../nios2-elf/lib/mno-hw-mul\libsmallc.a(lib_a-vfprintf.o)
 .debug_info    0x0000242e      0x68e c:/altera/13.0sp1/nios2eds/bin/gnu/h-i686-mingw32/bin/../lib/gcc/nios2-elf/4.1.2/../../../../nios2-elf/lib/mno-hw-mul\libsmallc.a(lib_a-fvwrite_small_dev.o)
 .debug_info    0x00002abc      0x636 c:/altera/13.0sp1/nios2eds/bin/gnu/h-i686-mingw32/bin/../lib/gcc/nios2-elf/4.1.2/../../../../nios2-elf/lib/mno-hw-mul\libsmallc.a(lib_a-impure.o)
 .debug_info    0x000030f2      0x6b8 c:/altera/13.0sp1/nios2eds/bin/gnu/h-i686-mingw32/bin/../lib/gcc/nios2-elf/4.1.2/../../../../nios2-elf/lib/mno-hw-mul\libsmallc.a(lib_a-putc.o)
 .debug_info    0x000037aa      0x68c c:/altera/13.0sp1/nios2eds/bin/gnu/h-i686-mingw32/bin/../lib/gcc/nios2-elf/4.1.2/../../../../nios2-elf/lib/mno-hw-mul\libsmallc.a(lib_a-writer.o)
 .debug_info    0x00003e36       0x8c c:/altera/13.0sp1/nios2eds/bin/gnu/h-i686-mingw32/bin/../lib/gcc/nios2-elf/4.1.2/../../../../nios2-elf/lib/mno-hw-mul\libsmallc.a(lib_a-int_errno.o)
 .debug_info    0x00003ec2       0xf3 c:/altera/13.0sp1/nios2eds/bin/gnu/h-i686-mingw32/bin/../lib/gcc/nios2-elf/4.1.2/mno-hw-mul\libgcc.a(lib2-mul.o)
 .debug_info    0x00003fb5      0x27c ../Median_Filtter_App_bsp/\libhal_bsp.a(alt_load.o)
 .debug_info    0x00004231      0x214 ../Median_Filtter_App_bsp/\libhal_bsp.a(alt_main.o)
 .debug_info    0x00004445      0x682 ../Median_Filtter_App_bsp/\libhal_bsp.a(alt_write.o)
 .debug_info    0x00004ac7      0x568 ../Median_Filtter_App_bsp/\libhal_bsp.a(alt_sys_init.o)
 .debug_info    0x0000502f      0x5a8 ../Median_Filtter_App_bsp/\libhal_bsp.a(altera_avalon_jtag_uart_fd.o)
 .debug_info    0x000055d7      0x2f8 ../Median_Filtter_App_bsp/\libhal_bsp.a(altera_avalon_jtag_uart_read.o)
 .debug_info    0x000058cf      0x2d5 ../Median_Filtter_App_bsp/\libhal_bsp.a(altera_avalon_jtag_uart_write.o)
 .debug_info    0x00005ba4      0x456 ../Median_Filtter_App_bsp/\libhal_bsp.a(alt_close.o)
 .debug_info    0x00005ffa      0x14b ../Median_Filtter_App_bsp/\libhal_bsp.a(alt_dcache_flush_all.o)
 .debug_info    0x00006145      0x66e ../Median_Filtter_App_bsp/\libhal_bsp.a(alt_dev.o)
 .debug_info    0x000067b3      0x2a6 ../Median_Filtter_App_bsp/\libhal_bsp.a(alt_dev_llist_insert.o)
 .debug_info    0x00006a59       0xfe ../Median_Filtter_App_bsp/\libhal_bsp.a(alt_do_ctors.o)
 .debug_info    0x00006b57       0xfd ../Median_Filtter_App_bsp/\libhal_bsp.a(alt_do_dtors.o)
 .debug_info    0x00006c54      0x153 ../Median_Filtter_App_bsp/\libhal_bsp.a(alt_errno.o)
 .debug_info    0x00006da7      0x14b ../Median_Filtter_App_bsp/\libhal_bsp.a(alt_icache_flush_all.o)
 .debug_info    0x00006ef2      0x684 ../Median_Filtter_App_bsp/\libhal_bsp.a(alt_io_redirect.o)
 .debug_info    0x00007576      0x514 ../Median_Filtter_App_bsp/\libhal_bsp.a(alt_open.o)
 .debug_info    0x00007a8a      0x3e1 ../Median_Filtter_App_bsp/\libhal_bsp.a(alt_release_fd.o)
 .debug_info    0x00007e6b      0x152 ../Median_Filtter_App_bsp/\libhal_bsp.a(altera_nios2_qsys_irq.o)
 .debug_info    0x00007fbd      0x407 ../Median_Filtter_App_bsp/\libhal_bsp.a(alt_find_dev.o)
 .debug_info    0x000083c4      0x40e ../Median_Filtter_App_bsp/\libhal_bsp.a(alt_find_file.o)
 .debug_info    0x000087d2      0x44f ../Median_Filtter_App_bsp/\libhal_bsp.a(alt_get_fd.o)
 .debug_info    0x00008c21      0x186 c:/altera/13.0sp1/nios2eds/bin/gnu/h-i686-mingw32/bin/../lib/gcc/nios2-elf/4.1.2/../../../../nios2-elf/lib/mno-hw-mul\libsmallc.a(lib_a-atexit.o)
 .debug_info    0x00008da7       0x9f c:/altera/13.0sp1/nios2eds/bin/gnu/h-i686-mingw32/bin/../lib/gcc/nios2-elf/4.1.2/../../../../nios2-elf/lib/mno-hw-mul\libsmallc.a(lib_a-exit.o)
 .debug_info    0x00008e46       0xef c:/altera/13.0sp1/nios2eds/bin/gnu/h-i686-mingw32/bin/../lib/gcc/nios2-elf/4.1.2/../../../../nios2-elf/lib/mno-hw-mul\libsmallc.a(lib_a-memcmp.o)
 .debug_info    0x00008f35      0x68f c:/altera/13.0sp1/nios2eds/bin/gnu/h-i686-mingw32/bin/../lib/gcc/nios2-elf/4.1.2/../../../../nios2-elf/lib/mno-hw-mul\libsmallc.a(lib_a-__atexit.o)
 .debug_info    0x000095c4      0x6d5 c:/altera/13.0sp1/nios2eds/bin/gnu/h-i686-mingw32/bin/../lib/gcc/nios2-elf/4.1.2/../../../../nios2-elf/lib/mno-hw-mul\libsmallc.a(lib_a-__call_atexit.o)
 .debug_info    0x00009c99      0x17c ../Median_Filtter_App_bsp/\libhal_bsp.a(alt_exit.o)

.debug_abbrev   0x00000000     0x2451
 *(.debug_abbrev)
 .debug_abbrev  0x00000000       0x12 ../Median_Filtter_App_bsp//obj/HAL/src/crt0.o
 .debug_abbrev  0x00000012       0xe2 obj/default/median_filter_main.o
 .debug_abbrev  0x000000f4       0xe0 c:/altera/13.0sp1/nios2eds/bin/gnu/h-i686-mingw32/bin/../lib/gcc/nios2-elf/4.1.2/mno-hw-mul\libgcc.a(lib2-divmod.o)
 .debug_abbrev  0x000001d4      0x179 c:/altera/13.0sp1/nios2eds/bin/gnu/h-i686-mingw32/bin/../lib/gcc/nios2-elf/4.1.2/../../../../nios2-elf/lib/mno-hw-mul\libsmallc.a(lib_a-printf.o)
 .debug_abbrev  0x0000034d      0x158 c:/altera/13.0sp1/nios2eds/bin/gnu/h-i686-mingw32/bin/../lib/gcc/nios2-elf/4.1.2/../../../../nios2-elf/lib/mno-hw-mul\libsmallc.a(lib_a-putchar.o)
 .debug_abbrev  0x000004a5      0x180 c:/altera/13.0sp1/nios2eds/bin/gnu/h-i686-mingw32/bin/../lib/gcc/nios2-elf/4.1.2/../../../../nios2-elf/lib/mno-hw-mul\libsmallc.a(lib_a-puts.o)
 .debug_abbrev  0x00000625       0x7a c:/altera/13.0sp1/nios2eds/bin/gnu/h-i686-mingw32/bin/../lib/gcc/nios2-elf/4.1.2/../../../../nios2-elf/lib/mno-hw-mul\libsmallc.a(lib_a-strlen.o)
 .debug_abbrev  0x0000069f      0x263 c:/altera/13.0sp1/nios2eds/bin/gnu/h-i686-mingw32/bin/../lib/gcc/nios2-elf/4.1.2/../../../../nios2-elf/lib/mno-hw-mul\libsmallc.a(lib_a-vfprintf.o)
 .debug_abbrev  0x00000902      0x179 c:/altera/13.0sp1/nios2eds/bin/gnu/h-i686-mingw32/bin/../lib/gcc/nios2-elf/4.1.2/../../../../nios2-elf/lib/mno-hw-mul\libsmallc.a(lib_a-fvwrite_small_dev.o)
 .debug_abbrev  0x00000a7b      0x13f c:/altera/13.0sp1/nios2eds/bin/gnu/h-i686-mingw32/bin/../lib/gcc/nios2-elf/4.1.2/../../../../nios2-elf/lib/mno-hw-mul\libsmallc.a(lib_a-impure.o)
 .debug_abbrev  0x00000bba      0x167 c:/altera/13.0sp1/nios2eds/bin/gnu/h-i686-mingw32/bin/../lib/gcc/nios2-elf/4.1.2/../../../../nios2-elf/lib/mno-hw-mul\libsmallc.a(lib_a-putc.o)
 .debug_abbrev  0x00000d21      0x16c c:/altera/13.0sp1/nios2eds/bin/gnu/h-i686-mingw32/bin/../lib/gcc/nios2-elf/4.1.2/../../../../nios2-elf/lib/mno-hw-mul\libsmallc.a(lib_a-writer.o)
 .debug_abbrev  0x00000e8d       0x3b c:/altera/13.0sp1/nios2eds/bin/gnu/h-i686-mingw32/bin/../lib/gcc/nios2-elf/4.1.2/../../../../nios2-elf/lib/mno-hw-mul\libsmallc.a(lib_a-int_errno.o)
 .debug_abbrev  0x00000ec8       0x7b c:/altera/13.0sp1/nios2eds/bin/gnu/h-i686-mingw32/bin/../lib/gcc/nios2-elf/4.1.2/mno-hw-mul\libgcc.a(lib2-mul.o)
 .debug_abbrev  0x00000f43       0x88 ../Median_Filtter_App_bsp/\libhal_bsp.a(alt_load.o)
 .debug_abbrev  0x00000fcb       0xb7 ../Median_Filtter_App_bsp/\libhal_bsp.a(alt_main.o)
 .debug_abbrev  0x00001082      0x100 ../Median_Filtter_App_bsp/\libhal_bsp.a(alt_write.o)
 .debug_abbrev  0x00001182      0x121 ../Median_Filtter_App_bsp/\libhal_bsp.a(alt_sys_init.o)
 .debug_abbrev  0x000012a3       0xcb ../Median_Filtter_App_bsp/\libhal_bsp.a(altera_avalon_jtag_uart_fd.o)
 .debug_abbrev  0x0000136e       0xb6 ../Median_Filtter_App_bsp/\libhal_bsp.a(altera_avalon_jtag_uart_read.o)
 .debug_abbrev  0x00001424       0xb4 ../Median_Filtter_App_bsp/\libhal_bsp.a(altera_avalon_jtag_uart_write.o)
 .debug_abbrev  0x000014d8       0xfb ../Median_Filtter_App_bsp/\libhal_bsp.a(alt_close.o)
 .debug_abbrev  0x000015d3       0x3f ../Median_Filtter_App_bsp/\libhal_bsp.a(alt_dcache_flush_all.o)
 .debug_abbrev  0x00001612       0xc7 ../Median_Filtter_App_bsp/\libhal_bsp.a(alt_dev.o)
 .debug_abbrev  0x000016d9       0xf6 ../Median_Filtter_App_bsp/\libhal_bsp.a(alt_dev_llist_insert.o)
 .debug_abbrev  0x000017cf       0x76 ../Median_Filtter_App_bsp/\libhal_bsp.a(alt_do_ctors.o)
 .debug_abbrev  0x00001845       0x76 ../Median_Filtter_App_bsp/\libhal_bsp.a(alt_do_dtors.o)
 .debug_abbrev  0x000018bb       0x5e ../Median_Filtter_App_bsp/\libhal_bsp.a(alt_errno.o)
 .debug_abbrev  0x00001919       0x3f ../Median_Filtter_App_bsp/\libhal_bsp.a(alt_icache_flush_all.o)
 .debug_abbrev  0x00001958       0xf0 ../Median_Filtter_App_bsp/\libhal_bsp.a(alt_io_redirect.o)
 .debug_abbrev  0x00001a48      0x112 ../Median_Filtter_App_bsp/\libhal_bsp.a(alt_open.o)
 .debug_abbrev  0x00001b5a       0xc1 ../Median_Filtter_App_bsp/\libhal_bsp.a(alt_release_fd.o)
 .debug_abbrev  0x00001c1b       0x3f ../Median_Filtter_App_bsp/\libhal_bsp.a(altera_nios2_qsys_irq.o)
 .debug_abbrev  0x00001c5a       0xcf ../Median_Filtter_App_bsp/\libhal_bsp.a(alt_find_dev.o)
 .debug_abbrev  0x00001d29       0xcf ../Median_Filtter_App_bsp/\libhal_bsp.a(alt_find_file.o)
 .debug_abbrev  0x00001df8       0xfb ../Median_Filtter_App_bsp/\libhal_bsp.a(alt_get_fd.o)
 .debug_abbrev  0x00001ef3       0xc6 c:/altera/13.0sp1/nios2eds/bin/gnu/h-i686-mingw32/bin/../lib/gcc/nios2-elf/4.1.2/../../../../nios2-elf/lib/mno-hw-mul\libsmallc.a(lib_a-atexit.o)
 .debug_abbrev  0x00001fb9       0x4e c:/altera/13.0sp1/nios2eds/bin/gnu/h-i686-mingw32/bin/../lib/gcc/nios2-elf/4.1.2/../../../../nios2-elf/lib/mno-hw-mul\libsmallc.a(lib_a-exit.o)
 .debug_abbrev  0x00002007       0x7c c:/altera/13.0sp1/nios2eds/bin/gnu/h-i686-mingw32/bin/../lib/gcc/nios2-elf/4.1.2/../../../../nios2-elf/lib/mno-hw-mul\libsmallc.a(lib_a-memcmp.o)
 .debug_abbrev  0x00002083      0x196 c:/altera/13.0sp1/nios2eds/bin/gnu/h-i686-mingw32/bin/../lib/gcc/nios2-elf/4.1.2/../../../../nios2-elf/lib/mno-hw-mul\libsmallc.a(lib_a-__atexit.o)
 .debug_abbrev  0x00002219      0x1c6 c:/altera/13.0sp1/nios2eds/bin/gnu/h-i686-mingw32/bin/../lib/gcc/nios2-elf/4.1.2/../../../../nios2-elf/lib/mno-hw-mul\libsmallc.a(lib_a-__call_atexit.o)
 .debug_abbrev  0x000023df       0x72 ../Median_Filtter_App_bsp/\libhal_bsp.a(alt_exit.o)

.debug_line     0x00000000     0x63f6
 *(.debug_line)
 .debug_line    0x00000000       0x66 ../Median_Filtter_App_bsp//obj/HAL/src/crt0.o
 .debug_line    0x00000066      0x469 obj/default/median_filter_main.o
 .debug_line    0x000004cf      0x24f c:/altera/13.0sp1/nios2eds/bin/gnu/h-i686-mingw32/bin/../lib/gcc/nios2-elf/4.1.2/mno-hw-mul\libgcc.a(lib2-divmod.o)
 .debug_line    0x0000071e      0x2be c:/altera/13.0sp1/nios2eds/bin/gnu/h-i686-mingw32/bin/../lib/gcc/nios2-elf/4.1.2/../../../../nios2-elf/lib/mno-hw-mul\libsmallc.a(lib_a-printf.o)
 .debug_line    0x000009dc      0x267 c:/altera/13.0sp1/nios2eds/bin/gnu/h-i686-mingw32/bin/../lib/gcc/nios2-elf/4.1.2/../../../../nios2-elf/lib/mno-hw-mul\libsmallc.a(lib_a-putchar.o)
 .debug_line    0x00000c43      0x2b2 c:/altera/13.0sp1/nios2eds/bin/gnu/h-i686-mingw32/bin/../lib/gcc/nios2-elf/4.1.2/../../../../nios2-elf/lib/mno-hw-mul\libsmallc.a(lib_a-puts.o)
 .debug_line    0x00000ef5      0x250 c:/altera/13.0sp1/nios2eds/bin/gnu/h-i686-mingw32/bin/../lib/gcc/nios2-elf/4.1.2/../../../../nios2-elf/lib/mno-hw-mul\libsmallc.a(lib_a-strlen.o)
 .debug_line    0x00001145      0x666 c:/altera/13.0sp1/nios2eds/bin/gnu/h-i686-mingw32/bin/../lib/gcc/nios2-elf/4.1.2/../../../../nios2-elf/lib/mno-hw-mul\libsmallc.a(lib_a-vfprintf.o)
 .debug_line    0x000017ab      0x2a9 c:/altera/13.0sp1/nios2eds/bin/gnu/h-i686-mingw32/bin/../lib/gcc/nios2-elf/4.1.2/../../../../nios2-elf/lib/mno-hw-mul\libsmallc.a(lib_a-fvwrite_small_dev.o)
 .debug_line    0x00001a54      0x230 c:/altera/13.0sp1/nios2eds/bin/gnu/h-i686-mingw32/bin/../lib/gcc/nios2-elf/4.1.2/../../../../nios2-elf/lib/mno-hw-mul\libsmallc.a(lib_a-impure.o)
 .debug_line    0x00001c84      0x2d2 c:/altera/13.0sp1/nios2eds/bin/gnu/h-i686-mingw32/bin/../lib/gcc/nios2-elf/4.1.2/../../../../nios2-elf/lib/mno-hw-mul\libsmallc.a(lib_a-putc.o)
 .debug_line    0x00001f56      0x29d c:/altera/13.0sp1/nios2eds/bin/gnu/h-i686-mingw32/bin/../lib/gcc/nios2-elf/4.1.2/../../../../nios2-elf/lib/mno-hw-mul\libsmallc.a(lib_a-writer.o)
 .debug_line    0x000021f3      0x1e2 c:/altera/13.0sp1/nios2eds/bin/gnu/h-i686-mingw32/bin/../lib/gcc/nios2-elf/4.1.2/../../../../nios2-elf/lib/mno-hw-mul\libsmallc.a(lib_a-int_errno.o)
 .debug_line    0x000023d5      0x11a c:/altera/13.0sp1/nios2eds/bin/gnu/h-i686-mingw32/bin/../lib/gcc/nios2-elf/4.1.2/mno-hw-mul\libgcc.a(lib2-mul.o)
 .debug_line    0x000024ef      0x217 ../Median_Filtter_App_bsp/\libhal_bsp.a(alt_load.o)
 .debug_line    0x00002706      0x2ca ../Median_Filtter_App_bsp/\libhal_bsp.a(alt_main.o)
 .debug_line    0x000029d0      0x2c9 ../Median_Filtter_App_bsp/\libhal_bsp.a(alt_write.o)
 .debug_line    0x00002c99      0x2a6 ../Median_Filtter_App_bsp/\libhal_bsp.a(alt_sys_init.o)
 .debug_line    0x00002f3f      0x1d7 ../Median_Filtter_App_bsp/\libhal_bsp.a(altera_avalon_jtag_uart_fd.o)
 .debug_line    0x00003116      0x343 ../Median_Filtter_App_bsp/\libhal_bsp.a(altera_avalon_jtag_uart_read.o)
 .debug_line    0x00003459      0x304 ../Median_Filtter_App_bsp/\libhal_bsp.a(altera_avalon_jtag_uart_write.o)
 .debug_line    0x0000375d      0x299 ../Median_Filtter_App_bsp/\libhal_bsp.a(alt_close.o)
 .debug_line    0x000039f6      0x1b5 ../Median_Filtter_App_bsp/\libhal_bsp.a(alt_dcache_flush_all.o)
 .debug_line    0x00003bab      0x254 ../Median_Filtter_App_bsp/\libhal_bsp.a(alt_dev.o)
 .debug_line    0x00003dff      0x25a ../Median_Filtter_App_bsp/\libhal_bsp.a(alt_dev_llist_insert.o)
 .debug_line    0x00004059       0x83 ../Median_Filtter_App_bsp/\libhal_bsp.a(alt_do_ctors.o)
 .debug_line    0x000040dc       0x83 ../Median_Filtter_App_bsp/\libhal_bsp.a(alt_do_dtors.o)
 .debug_line    0x0000415f      0x1aa ../Median_Filtter_App_bsp/\libhal_bsp.a(alt_errno.o)
 .debug_line    0x00004309      0x1b5 ../Median_Filtter_App_bsp/\libhal_bsp.a(alt_icache_flush_all.o)
 .debug_line    0x000044be      0x2b4 ../Median_Filtter_App_bsp/\libhal_bsp.a(alt_io_redirect.o)
 .debug_line    0x00004772      0x2ff ../Median_Filtter_App_bsp/\libhal_bsp.a(alt_open.o)
 .debug_line    0x00004a71       0xed ../Median_Filtter_App_bsp/\libhal_bsp.a(alt_release_fd.o)
 .debug_line    0x00004b5e      0x1ce ../Median_Filtter_App_bsp/\libhal_bsp.a(altera_nios2_qsys_irq.o)
 .debug_line    0x00004d2c      0x26b ../Median_Filtter_App_bsp/\libhal_bsp.a(alt_find_dev.o)
 .debug_line    0x00004f97      0x27c ../Median_Filtter_App_bsp/\libhal_bsp.a(alt_find_file.o)
 .debug_line    0x00005213      0x297 ../Median_Filtter_App_bsp/\libhal_bsp.a(alt_get_fd.o)
 .debug_line    0x000054aa      0x203 c:/altera/13.0sp1/nios2eds/bin/gnu/h-i686-mingw32/bin/../lib/gcc/nios2-elf/4.1.2/../../../../nios2-elf/lib/mno-hw-mul\libsmallc.a(lib_a-atexit.o)
 .debug_line    0x000056ad      0x223 c:/altera/13.0sp1/nios2eds/bin/gnu/h-i686-mingw32/bin/../lib/gcc/nios2-elf/4.1.2/../../../../nios2-elf/lib/mno-hw-mul\libsmallc.a(lib_a-exit.o)
 .debug_line    0x000058d0      0x270 c:/altera/13.0sp1/nios2eds/bin/gnu/h-i686-mingw32/bin/../lib/gcc/nios2-elf/4.1.2/../../../../nios2-elf/lib/mno-hw-mul\libsmallc.a(lib_a-memcmp.o)
 .debug_line    0x00005b40      0x350 c:/altera/13.0sp1/nios2eds/bin/gnu/h-i686-mingw32/bin/../lib/gcc/nios2-elf/4.1.2/../../../../nios2-elf/lib/mno-hw-mul\libsmallc.a(lib_a-__atexit.o)
 .debug_line    0x00005e90      0x360 c:/altera/13.0sp1/nios2eds/bin/gnu/h-i686-mingw32/bin/../lib/gcc/nios2-elf/4.1.2/../../../../nios2-elf/lib/mno-hw-mul\libsmallc.a(lib_a-__call_atexit.o)
 .debug_line    0x000061f0      0x206 ../Median_Filtter_App_bsp/\libhal_bsp.a(alt_exit.o)

.debug_frame    0x00000000      0x914
 *(.debug_frame)
 .debug_frame   0x00000000       0xb8 obj/default/median_filter_main.o
 .debug_frame   0x000000b8       0x70 c:/altera/13.0sp1/nios2eds/bin/gnu/h-i686-mingw32/bin/../lib/gcc/nios2-elf/4.1.2/mno-hw-mul\libgcc.a(lib2-divmod.o)
 .debug_frame   0x00000128       0x40 c:/altera/13.0sp1/nios2eds/bin/gnu/h-i686-mingw32/bin/../lib/gcc/nios2-elf/4.1.2/../../../../nios2-elf/lib/mno-hw-mul\libsmallc.a(lib_a-printf.o)
 .debug_frame   0x00000168       0x30 c:/altera/13.0sp1/nios2eds/bin/gnu/h-i686-mingw32/bin/../lib/gcc/nios2-elf/4.1.2/../../../../nios2-elf/lib/mno-hw-mul\libsmallc.a(lib_a-putchar.o)
 .debug_frame   0x00000198       0x3c c:/altera/13.0sp1/nios2eds/bin/gnu/h-i686-mingw32/bin/../lib/gcc/nios2-elf/4.1.2/../../../../nios2-elf/lib/mno-hw-mul\libsmallc.a(lib_a-puts.o)
 .debug_frame   0x000001d4       0x20 c:/altera/13.0sp1/nios2eds/bin/gnu/h-i686-mingw32/bin/../lib/gcc/nios2-elf/4.1.2/../../../../nios2-elf/lib/mno-hw-mul\libsmallc.a(lib_a-strlen.o)
 .debug_frame   0x000001f4       0x64 c:/altera/13.0sp1/nios2eds/bin/gnu/h-i686-mingw32/bin/../lib/gcc/nios2-elf/4.1.2/../../../../nios2-elf/lib/mno-hw-mul\libsmallc.a(lib_a-vfprintf.o)
 .debug_frame   0x00000258       0x30 c:/altera/13.0sp1/nios2eds/bin/gnu/h-i686-mingw32/bin/../lib/gcc/nios2-elf/4.1.2/../../../../nios2-elf/lib/mno-hw-mul\libsmallc.a(lib_a-fvwrite_small_dev.o)
 .debug_frame   0x00000288       0x48 c:/altera/13.0sp1/nios2eds/bin/gnu/h-i686-mingw32/bin/../lib/gcc/nios2-elf/4.1.2/../../../../nios2-elf/lib/mno-hw-mul\libsmallc.a(lib_a-putc.o)
 .debug_frame   0x000002d0       0x2c c:/altera/13.0sp1/nios2eds/bin/gnu/h-i686-mingw32/bin/../lib/gcc/nios2-elf/4.1.2/../../../../nios2-elf/lib/mno-hw-mul\libsmallc.a(lib_a-writer.o)
 .debug_frame   0x000002fc       0x20 c:/altera/13.0sp1/nios2eds/bin/gnu/h-i686-mingw32/bin/../lib/gcc/nios2-elf/4.1.2/mno-hw-mul\libgcc.a(lib2-mul.o)
 .debug_frame   0x0000031c       0x48 ../Median_Filtter_App_bsp/\libhal_bsp.a(alt_load.o)
 .debug_frame   0x00000364       0x2c ../Median_Filtter_App_bsp/\libhal_bsp.a(alt_main.o)
 .debug_frame   0x00000390       0x48 ../Median_Filtter_App_bsp/\libhal_bsp.a(alt_write.o)
 .debug_frame   0x000003d8       0x64 ../Median_Filtter_App_bsp/\libhal_bsp.a(alt_sys_init.o)
 .debug_frame   0x0000043c       0x48 ../Median_Filtter_App_bsp/\libhal_bsp.a(altera_avalon_jtag_uart_fd.o)
 .debug_frame   0x00000484       0x2c ../Median_Filtter_App_bsp/\libhal_bsp.a(altera_avalon_jtag_uart_read.o)
 .debug_frame   0x000004b0       0x2c ../Median_Filtter_App_bsp/\libhal_bsp.a(altera_avalon_jtag_uart_write.o)
 .debug_frame   0x000004dc       0x48 ../Median_Filtter_App_bsp/\libhal_bsp.a(alt_close.o)
 .debug_frame   0x00000524       0x2c ../Median_Filtter_App_bsp/\libhal_bsp.a(alt_dcache_flush_all.o)
 .debug_frame   0x00000550       0x2c ../Median_Filtter_App_bsp/\libhal_bsp.a(alt_dev.o)
 .debug_frame   0x0000057c       0x48 ../Median_Filtter_App_bsp/\libhal_bsp.a(alt_dev_llist_insert.o)
 .debug_frame   0x000005c4       0x2c ../Median_Filtter_App_bsp/\libhal_bsp.a(alt_do_ctors.o)
 .debug_frame   0x000005f0       0x2c ../Median_Filtter_App_bsp/\libhal_bsp.a(alt_do_dtors.o)
 .debug_frame   0x0000061c       0x2c ../Median_Filtter_App_bsp/\libhal_bsp.a(alt_icache_flush_all.o)
 .debug_frame   0x00000648       0x4c ../Median_Filtter_App_bsp/\libhal_bsp.a(alt_io_redirect.o)
 .debug_frame   0x00000694       0x68 ../Median_Filtter_App_bsp/\libhal_bsp.a(alt_open.o)
 .debug_frame   0x000006fc       0x30 ../Median_Filtter_App_bsp/\libhal_bsp.a(alt_release_fd.o)
 .debug_frame   0x0000072c       0x2c ../Median_Filtter_App_bsp/\libhal_bsp.a(altera_nios2_qsys_irq.o)
 .debug_frame   0x00000758       0x2c ../Median_Filtter_App_bsp/\libhal_bsp.a(alt_find_dev.o)
 .debug_frame   0x00000784       0x2c ../Median_Filtter_App_bsp/\libhal_bsp.a(alt_find_file.o)
 .debug_frame   0x000007b0       0x30 ../Median_Filtter_App_bsp/\libhal_bsp.a(alt_get_fd.o)
 .debug_frame   0x000007e0       0x20 c:/altera/13.0sp1/nios2eds/bin/gnu/h-i686-mingw32/bin/../lib/gcc/nios2-elf/4.1.2/../../../../nios2-elf/lib/mno-hw-mul\libsmallc.a(lib_a-atexit.o)
 .debug_frame   0x00000800       0x2c c:/altera/13.0sp1/nios2eds/bin/gnu/h-i686-mingw32/bin/../lib/gcc/nios2-elf/4.1.2/../../../../nios2-elf/lib/mno-hw-mul\libsmallc.a(lib_a-exit.o)
 .debug_frame   0x0000082c       0x20 c:/altera/13.0sp1/nios2eds/bin/gnu/h-i686-mingw32/bin/../lib/gcc/nios2-elf/4.1.2/../../../../nios2-elf/lib/mno-hw-mul\libsmallc.a(lib_a-memcmp.o)
 .debug_frame   0x0000084c       0x34 c:/altera/13.0sp1/nios2eds/bin/gnu/h-i686-mingw32/bin/../lib/gcc/nios2-elf/4.1.2/../../../../nios2-elf/lib/mno-hw-mul\libsmallc.a(lib_a-__atexit.o)
 .debug_frame   0x00000880       0x4c c:/altera/13.0sp1/nios2eds/bin/gnu/h-i686-mingw32/bin/../lib/gcc/nios2-elf/4.1.2/../../../../nios2-elf/lib/mno-hw-mul\libsmallc.a(lib_a-__call_atexit.o)
 .debug_frame   0x000008cc       0x48 ../Median_Filtter_App_bsp/\libhal_bsp.a(alt_exit.o)

.debug_str      0x00000000      0xe20
 *(.debug_str)
 .debug_str     0x00000000       0x1c obj/default/median_filter_main.o
 .debug_str     0x0000001c      0x167 c:/altera/13.0sp1/nios2eds/bin/gnu/h-i686-mingw32/bin/../lib/gcc/nios2-elf/4.1.2/mno-hw-mul\libgcc.a(lib2-divmod.o)
                                0x1b4 (size before relaxing)
 .debug_str     0x00000183      0x3aa c:/altera/13.0sp1/nios2eds/bin/gnu/h-i686-mingw32/bin/../lib/gcc/nios2-elf/4.1.2/../../../../nios2-elf/lib/mno-hw-mul\libsmallc.a(lib_a-printf.o)
                                0x466 (size before relaxing)
 .debug_str     0x0000052d       0x51 c:/altera/13.0sp1/nios2eds/bin/gnu/h-i686-mingw32/bin/../lib/gcc/nios2-elf/4.1.2/../../../../nios2-elf/lib/mno-hw-mul\libsmallc.a(lib_a-putchar.o)
                                0x452 (size before relaxing)
 .debug_str     0x0000057e       0x48 c:/altera/13.0sp1/nios2eds/bin/gnu/h-i686-mingw32/bin/../lib/gcc/nios2-elf/4.1.2/../../../../nios2-elf/lib/mno-hw-mul\libsmallc.a(lib_a-puts.o)
                                0x450 (size before relaxing)
 .debug_str     0x000005c6       0xe2 c:/altera/13.0sp1/nios2eds/bin/gnu/h-i686-mingw32/bin/../lib/gcc/nios2-elf/4.1.2/../../../../nios2-elf/lib/mno-hw-mul\libsmallc.a(lib_a-strlen.o)
                                0x184 (size before relaxing)
 .debug_str     0x000006a8      0x168 c:/altera/13.0sp1/nios2eds/bin/gnu/h-i686-mingw32/bin/../lib/gcc/nios2-elf/4.1.2/../../../../nios2-elf/lib/mno-hw-mul\libsmallc.a(lib_a-vfprintf.o)
                                0x5af (size before relaxing)
 .debug_str     0x00000810       0x70 c:/altera/13.0sp1/nios2eds/bin/gnu/h-i686-mingw32/bin/../lib/gcc/nios2-elf/4.1.2/../../../../nios2-elf/lib/mno-hw-mul\libsmallc.a(lib_a-fvwrite_small_dev.o)
                                0x46a (size before relaxing)
 .debug_str     0x00000880       0xf8 c:/altera/13.0sp1/nios2eds/bin/gnu/h-i686-mingw32/bin/../lib/gcc/nios2-elf/4.1.2/../../../../nios2-elf/lib/mno-hw-mul\libsmallc.a(lib_a-impure.o)
                                0x45d (size before relaxing)
 .debug_str     0x00000978       0x4f c:/altera/13.0sp1/nios2eds/bin/gnu/h-i686-mingw32/bin/../lib/gcc/nios2-elf/4.1.2/../../../../nios2-elf/lib/mno-hw-mul\libsmallc.a(lib_a-putc.o)
                                0x455 (size before relaxing)
 .debug_str     0x000009c7       0x4f c:/altera/13.0sp1/nios2eds/bin/gnu/h-i686-mingw32/bin/../lib/gcc/nios2-elf/4.1.2/../../../../nios2-elf/lib/mno-hw-mul\libsmallc.a(lib_a-writer.o)
                                0x451 (size before relaxing)
 .debug_str     0x00000a16       0x40 c:/altera/13.0sp1/nios2eds/bin/gnu/h-i686-mingw32/bin/../lib/gcc/nios2-elf/4.1.2/../../../../nios2-elf/lib/mno-hw-mul\libsmallc.a(lib_a-int_errno.o)
                                0x177 (size before relaxing)
 .debug_str     0x00000a56       0x37 c:/altera/13.0sp1/nios2eds/bin/gnu/h-i686-mingw32/bin/../lib/gcc/nios2-elf/4.1.2/mno-hw-mul\libgcc.a(lib2-mul.o)
                                0x175 (size before relaxing)
 .debug_str     0x00000a8d       0x12 ../Median_Filtter_App_bsp/\libhal_bsp.a(alt_load.o)
 .debug_str     0x00000a9f       0x12 ../Median_Filtter_App_bsp/\libhal_bsp.a(alt_main.o)
 .debug_str     0x00000ab1       0x12 ../Median_Filtter_App_bsp/\libhal_bsp.a(alt_write.o)
 .debug_str     0x00000ac3       0x12 ../Median_Filtter_App_bsp/\libhal_bsp.a(alt_sys_init.o)
 .debug_str     0x00000ad5       0x12 ../Median_Filtter_App_bsp/\libhal_bsp.a(altera_avalon_jtag_uart_read.o)
 .debug_str     0x00000ae7       0x12 ../Median_Filtter_App_bsp/\libhal_bsp.a(altera_avalon_jtag_uart_write.o)
 .debug_str     0x00000af9       0x12 ../Median_Filtter_App_bsp/\libhal_bsp.a(alt_close.o)
 .debug_str     0x00000b0b       0x12 ../Median_Filtter_App_bsp/\libhal_bsp.a(alt_dcache_flush_all.o)
 .debug_str     0x00000b1d       0x12 ../Median_Filtter_App_bsp/\libhal_bsp.a(alt_dev.o)
 .debug_str     0x00000b2f       0x12 ../Median_Filtter_App_bsp/\libhal_bsp.a(alt_dev_llist_insert.o)
 .debug_str     0x00000b41       0x12 ../Median_Filtter_App_bsp/\libhal_bsp.a(alt_errno.o)
 .debug_str     0x00000b53       0x12 ../Median_Filtter_App_bsp/\libhal_bsp.a(alt_icache_flush_all.o)
 .debug_str     0x00000b65       0x12 ../Median_Filtter_App_bsp/\libhal_bsp.a(alt_io_redirect.o)
 .debug_str     0x00000b77       0x12 ../Median_Filtter_App_bsp/\libhal_bsp.a(alt_open.o)
 .debug_str     0x00000b89       0x12 ../Median_Filtter_App_bsp/\libhal_bsp.a(altera_nios2_qsys_irq.o)
 .debug_str     0x00000b9b       0x12 ../Median_Filtter_App_bsp/\libhal_bsp.a(alt_find_dev.o)
 .debug_str     0x00000bad       0x12 ../Median_Filtter_App_bsp/\libhal_bsp.a(alt_find_file.o)
 .debug_str     0x00000bbf       0x12 ../Median_Filtter_App_bsp/\libhal_bsp.a(alt_get_fd.o)
 .debug_str     0x00000bd1       0xdb c:/altera/13.0sp1/nios2eds/bin/gnu/h-i686-mingw32/bin/../lib/gcc/nios2-elf/4.1.2/../../../../nios2-elf/lib/mno-hw-mul\libsmallc.a(lib_a-atexit.o)
                                0x1e5 (size before relaxing)
 .debug_str     0x00000cac       0x41 c:/altera/13.0sp1/nios2eds/bin/gnu/h-i686-mingw32/bin/../lib/gcc/nios2-elf/4.1.2/../../../../nios2-elf/lib/mno-hw-mul\libsmallc.a(lib_a-exit.o)
                                0x178 (size before relaxing)
 .debug_str     0x00000ced       0x45 c:/altera/13.0sp1/nios2eds/bin/gnu/h-i686-mingw32/bin/../lib/gcc/nios2-elf/4.1.2/../../../../nios2-elf/lib/mno-hw-mul\libsmallc.a(lib_a-memcmp.o)
                                0x17e (size before relaxing)
 .debug_str     0x00000d32       0x54 c:/altera/13.0sp1/nios2eds/bin/gnu/h-i686-mingw32/bin/../lib/gcc/nios2-elf/4.1.2/../../../../nios2-elf/lib/mno-hw-mul\libsmallc.a(lib_a-__atexit.o)
                                0x467 (size before relaxing)
 .debug_str     0x00000d86       0x7e c:/altera/13.0sp1/nios2eds/bin/gnu/h-i686-mingw32/bin/../lib/gcc/nios2-elf/4.1.2/../../../../nios2-elf/lib/mno-hw-mul\libsmallc.a(lib_a-__call_atexit.o)
                                0x491 (size before relaxing)
 .debug_str     0x00000e04       0x1c ../Median_Filtter_App_bsp/\libhal_bsp.a(alt_exit.o)

.debug_loc      0x00000000     0x1951
 *(.debug_loc)
 .debug_loc     0x00000000      0x102 obj/default/median_filter_main.o
 .debug_loc     0x00000102      0x1d2 c:/altera/13.0sp1/nios2eds/bin/gnu/h-i686-mingw32/bin/../lib/gcc/nios2-elf/4.1.2/mno-hw-mul\libgcc.a(lib2-divmod.o)
 .debug_loc     0x000002d4       0x8d c:/altera/13.0sp1/nios2eds/bin/gnu/h-i686-mingw32/bin/../lib/gcc/nios2-elf/4.1.2/../../../../nios2-elf/lib/mno-hw-mul\libsmallc.a(lib_a-printf.o)
 .debug_loc     0x00000361       0x44 c:/altera/13.0sp1/nios2eds/bin/gnu/h-i686-mingw32/bin/../lib/gcc/nios2-elf/4.1.2/../../../../nios2-elf/lib/mno-hw-mul\libsmallc.a(lib_a-putchar.o)
 .debug_loc     0x000003a5       0xa2 c:/altera/13.0sp1/nios2eds/bin/gnu/h-i686-mingw32/bin/../lib/gcc/nios2-elf/4.1.2/../../../../nios2-elf/lib/mno-hw-mul\libsmallc.a(lib_a-puts.o)
 .debug_loc     0x00000447       0x1e c:/altera/13.0sp1/nios2eds/bin/gnu/h-i686-mingw32/bin/../lib/gcc/nios2-elf/4.1.2/../../../../nios2-elf/lib/mno-hw-mul\libsmallc.a(lib_a-strlen.o)
 .debug_loc     0x00000465      0x878 c:/altera/13.0sp1/nios2eds/bin/gnu/h-i686-mingw32/bin/../lib/gcc/nios2-elf/4.1.2/../../../../nios2-elf/lib/mno-hw-mul\libsmallc.a(lib_a-vfprintf.o)
 .debug_loc     0x00000cdd      0x162 c:/altera/13.0sp1/nios2eds/bin/gnu/h-i686-mingw32/bin/../lib/gcc/nios2-elf/4.1.2/../../../../nios2-elf/lib/mno-hw-mul\libsmallc.a(lib_a-fvwrite_small_dev.o)
 .debug_loc     0x00000e3f       0xd4 c:/altera/13.0sp1/nios2eds/bin/gnu/h-i686-mingw32/bin/../lib/gcc/nios2-elf/4.1.2/../../../../nios2-elf/lib/mno-hw-mul\libsmallc.a(lib_a-putc.o)
 .debug_loc     0x00000f13       0x97 c:/altera/13.0sp1/nios2eds/bin/gnu/h-i686-mingw32/bin/../lib/gcc/nios2-elf/4.1.2/../../../../nios2-elf/lib/mno-hw-mul\libsmallc.a(lib_a-writer.o)
 .debug_loc     0x00000faa       0x4f c:/altera/13.0sp1/nios2eds/bin/gnu/h-i686-mingw32/bin/../lib/gcc/nios2-elf/4.1.2/mno-hw-mul\libgcc.a(lib2-mul.o)
 .debug_loc     0x00000ff9       0x56 ../Median_Filtter_App_bsp/\libhal_bsp.a(alt_load.o)
 .debug_loc     0x0000104f       0x2b ../Median_Filtter_App_bsp/\libhal_bsp.a(alt_main.o)
 .debug_loc     0x0000107a       0x56 ../Median_Filtter_App_bsp/\libhal_bsp.a(alt_write.o)
 .debug_loc     0x000010d0       0x81 ../Median_Filtter_App_bsp/\libhal_bsp.a(alt_sys_init.o)
 .debug_loc     0x00001151       0x56 ../Median_Filtter_App_bsp/\libhal_bsp.a(altera_avalon_jtag_uart_fd.o)
 .debug_loc     0x000011a7       0x2b ../Median_Filtter_App_bsp/\libhal_bsp.a(altera_avalon_jtag_uart_read.o)
 .debug_loc     0x000011d2       0x2b ../Median_Filtter_App_bsp/\libhal_bsp.a(altera_avalon_jtag_uart_write.o)
 .debug_loc     0x000011fd       0x56 ../Median_Filtter_App_bsp/\libhal_bsp.a(alt_close.o)
 .debug_loc     0x00001253       0x2b ../Median_Filtter_App_bsp/\libhal_bsp.a(alt_dcache_flush_all.o)
 .debug_loc     0x0000127e       0x2b ../Median_Filtter_App_bsp/\libhal_bsp.a(alt_dev.o)
 .debug_loc     0x000012a9       0x56 ../Median_Filtter_App_bsp/\libhal_bsp.a(alt_dev_llist_insert.o)
 .debug_loc     0x000012ff       0x2b ../Median_Filtter_App_bsp/\libhal_bsp.a(alt_do_ctors.o)
 .debug_loc     0x0000132a       0x2b ../Median_Filtter_App_bsp/\libhal_bsp.a(alt_do_dtors.o)
 .debug_loc     0x00001355       0x2b ../Median_Filtter_App_bsp/\libhal_bsp.a(alt_icache_flush_all.o)
 .debug_loc     0x00001380       0x56 ../Median_Filtter_App_bsp/\libhal_bsp.a(alt_io_redirect.o)
 .debug_loc     0x000013d6       0x81 ../Median_Filtter_App_bsp/\libhal_bsp.a(alt_open.o)
 .debug_loc     0x00001457       0x2b ../Median_Filtter_App_bsp/\libhal_bsp.a(alt_release_fd.o)
 .debug_loc     0x00001482       0x2b ../Median_Filtter_App_bsp/\libhal_bsp.a(altera_nios2_qsys_irq.o)
 .debug_loc     0x000014ad       0x2b ../Median_Filtter_App_bsp/\libhal_bsp.a(alt_find_dev.o)
 .debug_loc     0x000014d8       0x2b ../Median_Filtter_App_bsp/\libhal_bsp.a(alt_find_file.o)
 .debug_loc     0x00001503       0x2b ../Median_Filtter_App_bsp/\libhal_bsp.a(alt_get_fd.o)
 .debug_loc     0x0000152e       0x1e c:/altera/13.0sp1/nios2eds/bin/gnu/h-i686-mingw32/bin/../lib/gcc/nios2-elf/4.1.2/../../../../nios2-elf/lib/mno-hw-mul\libsmallc.a(lib_a-atexit.o)
 .debug_loc     0x0000154c       0x3d c:/altera/13.0sp1/nios2eds/bin/gnu/h-i686-mingw32/bin/../lib/gcc/nios2-elf/4.1.2/../../../../nios2-elf/lib/mno-hw-mul\libsmallc.a(lib_a-exit.o)
 .debug_loc     0x00001589       0x70 c:/altera/13.0sp1/nios2eds/bin/gnu/h-i686-mingw32/bin/../lib/gcc/nios2-elf/4.1.2/../../../../nios2-elf/lib/mno-hw-mul\libsmallc.a(lib_a-memcmp.o)
 .debug_loc     0x000015f9      0x141 c:/altera/13.0sp1/nios2eds/bin/gnu/h-i686-mingw32/bin/../lib/gcc/nios2-elf/4.1.2/../../../../nios2-elf/lib/mno-hw-mul\libsmallc.a(lib_a-__atexit.o)
 .debug_loc     0x0000173a      0x1c1 c:/altera/13.0sp1/nios2eds/bin/gnu/h-i686-mingw32/bin/../lib/gcc/nios2-elf/4.1.2/../../../../nios2-elf/lib/mno-hw-mul\libsmallc.a(lib_a-__call_atexit.o)
 .debug_loc     0x000018fb       0x56 ../Median_Filtter_App_bsp/\libhal_bsp.a(alt_exit.o)

.debug_macinfo
 *(.debug_macinfo)

.debug_weaknames
 *(.debug_weaknames)

.debug_funcnames
 *(.debug_funcnames)

.debug_typenames
 *(.debug_typenames)

.debug_varnames
 *(.debug_varnames)

.debug_alt_sim_info
                0x00000000       0x10
 *(.debug_alt_sim_info)
 .debug_alt_sim_info
                0x00000000       0x10 ../Median_Filtter_App_bsp//obj/HAL/src/crt0.o
                0x01000000                __alt_data_end = 0x1000000
                0x01000000                PROVIDE (__alt_stack_pointer, __alt_data_end)
                0x00822ccc                PROVIDE (__alt_stack_limit, __alt_stack_base)
                0x00822ccc                PROVIDE (__alt_heap_start, end)
                0x01000000                PROVIDE (__alt_heap_limit, 0x1000000)
OUTPUT(Median_Filtter_App.elf elf32-littlenios2)

.debug_ranges   0x00000000      0x178
 .debug_ranges  0x00000000       0x20 ../Median_Filtter_App_bsp//obj/HAL/src/crt0.o
 .debug_ranges  0x00000020      0x140 c:/altera/13.0sp1/nios2eds/bin/gnu/h-i686-mingw32/bin/../lib/gcc/nios2-elf/4.1.2/../../../../nios2-elf/lib/mno-hw-mul\libsmallc.a(lib_a-vfprintf.o)
 .debug_ranges  0x00000160       0x18 c:/altera/13.0sp1/nios2eds/bin/gnu/h-i686-mingw32/bin/../lib/gcc/nios2-elf/4.1.2/../../../../nios2-elf/lib/mno-hw-mul\libsmallc.a(lib_a-__call_atexit.o)
